Component: ARM Compiler 5.06 update 4 (build 422) Tool: armlink [4d35d2]

==============================================================================

Section Cross References

    main.o(.text) refers to oled.o(.text) for OLED_P6x8Str
    main.o(.text) refers to d2f.o(.text) for __aeabi_d2f
    main.o(.text) refers to f2d.o(.text) for __aeabi_f2d
    main.o(.text) refers to printfa.o(i.__0printf) for __2printf
    main.o(.text) refers to rgbled.o(.text) for RedLight_TurnOn
    main.o(.text) refers to common.o(.text) for delay_ms
    main.o(.text) refers to misc.o(.text) for NVIC_PriorityGroupConfig
    main.o(.text) refers to adc.o(.text) for Adc_Init
    main.o(.text) refers to servo.o(.text) for Servo_Init
    main.o(.text) refers to speech.o(.text) for Speech_Init
    main.o(.text) refers to usart.o(.text) for USART1_Init
    main.o(.text) refers to bluetooth.o(.text) for Bluetooth_Init
    main.o(.text) refers to mpu6050.o(.text) for Mpu6050_Init
    main.o(.text) refers to beep.o(.text) for Beep_Init
    main.o(.text) refers to robotcontrol.o(.text) for RobotHexShape_Stand
    main.o(.text) refers to cdrcmple.o(.text) for __aeabi_cdrcmple
    main.o(.text) refers to main.o(.data) for SpaceStr
    main.o(.text) refers to mpu6050.o(.data) for pitch
    startup_stm32f40_41xxx.o(RESET) refers to startup_stm32f40_41xxx.o(STACK) for __initial_sp
    startup_stm32f40_41xxx.o(RESET) refers to startup_stm32f40_41xxx.o(.text) for Reset_Handler
    startup_stm32f40_41xxx.o(RESET) refers to stm32f4xx_it.o(.text) for NMI_Handler
    startup_stm32f40_41xxx.o(RESET) refers to bluetooth.o(.text) for DMA1_Stream0_IRQHandler
    startup_stm32f40_41xxx.o(RESET) refers to servo.o(.text) for TIM2_IRQHandler
    startup_stm32f40_41xxx.o(RESET) refers to usart.o(.text) for USART1_IRQHandler
    startup_stm32f40_41xxx.o(RESET) refers to speech.o(.text) for UART4_IRQHandler
    startup_stm32f40_41xxx.o(RESET) refers to oled.o(.text) for DMA2_Stream3_IRQHandler
    startup_stm32f40_41xxx.o(.text) refers to system_stm32f4xx.o(.text) for SystemInit
    startup_stm32f40_41xxx.o(.text) refers to entry.o(.ARM.Collect$$$$00000000) for __main
    system_stm32f4xx.o(.text) refers to system_stm32f4xx.o(.data) for SystemCoreClock
    servo.o(.text) refers to stm32f4xx_rcc.o(.text) for RCC_AHB1PeriphClockCmd
    servo.o(.text) refers to stm32f4xx_gpio.o(.text) for GPIO_Init
    servo.o(.text) refers to stm32f4xx_usart.o(.text) for USART_Init
    servo.o(.text) refers to misc.o(.text) for NVIC_Init
    servo.o(.text) refers to stm32f4xx_tim.o(.text) for TIM_TimeBaseInit
    servo.o(.text) refers to memseta.o(.text) for __aeabi_memclr4
    servo.o(.text) refers to printfa.o(i.__0snprintf) for __2snprintf
    servo.o(.text) refers to common.o(.text) for delay_ms
    servo.o(.text) refers to oled.o(.text) for OLED_P6x8Str
    servo.o(.text) refers to servo.o(.bss) for TempBuffer
    servo.o(.text) refers to servo.o(.data) for ReceiveCounter
    servo.o(.text) refers to robotcontrol.o(.text) for RobotInstruct_Control
    servo.o(.text) refers to robotcontrol.o(.data) for ServoPwmData
    oled.o(.text) refers to stm32f4xx_rcc.o(.text) for RCC_AHB1PeriphClockCmd
    oled.o(.text) refers to misc.o(.text) for NVIC_PriorityGroupConfig
    oled.o(.text) refers to stm32f4xx_dma.o(.text) for DMA_DeInit
    oled.o(.text) refers to stm32f4xx_gpio.o(.text) for GPIO_Init
    oled.o(.text) refers to stm32f4xx_spi.o(.text) for SPI_I2S_DMACmd
    oled.o(.text) refers to common.o(.text) for delay_ms
    oled.o(.text) refers to oled.o(.bss) for SPI1_TX_Buff
    oled.o(.text) refers to oled.o(.constdata) for F6x8
    oled.o(.text) refers to f2d.o(.text) for __aeabi_f2d
    oled.o(.text) refers to cdrcmple.o(.text) for __aeabi_cdrcmple
    oled.o(.text) refers to dmul.o(.text) for __aeabi_dmul
    oled.o(.text) refers to dfixi.o(.text) for __aeabi_d2iz
    bluetooth.o(.text) refers to stm32f4xx_rcc.o(.text) for RCC_AHB1PeriphClockCmd
    bluetooth.o(.text) refers to stm32f4xx_gpio.o(.text) for GPIO_PinAFConfig
    bluetooth.o(.text) refers to stm32f4xx_usart.o(.text) for USART_Init
    bluetooth.o(.text) refers to misc.o(.text) for NVIC_Init
    bluetooth.o(.text) refers to stm32f4xx_dma.o(.text) for DMA_DeInit
    bluetooth.o(.text) refers to bluetooth.o(.bss) for TxBuffer
    bluetooth.o(.text) refers to bluetooth.o(.data) for RxBuffer
    rgbled.o(.text) refers to stm32f4xx_rcc.o(.text) for RCC_AHB1PeriphClockCmd
    rgbled.o(.text) refers to stm32f4xx_gpio.o(.text) for GPIO_Init
    rgbled.o(.text) refers to common.o(.text) for delay_ms
    inv_mpu.o(.text) refers to mpu6050.o(.text) for MPU_Write_Len
    inv_mpu.o(.text) refers to printfa.o(i.__0printf) for __2printf
    inv_mpu.o(.text) refers to common.o(.text) for delay_ms
    inv_mpu.o(.text) refers to inv_mpu.o(.data) for st
    inv_mpu.o(.text) refers to inv_mpu.o(.conststring) for .conststring
    inv_mpu.o(.text) refers to inv_mpu.o(.constdata) for test
[...]
    TransformHexFinsh                        0x20000185   Data           1  robotcontrol.o(.data)
    TransformBoxFinsh                        0x20000186   Data           1  robotcontrol.o(.data)
    TransformBoxOrder                        0x20000187   Data           1  robotcontrol.o(.data)
    TransformHexOrder                        0x20000188   Data           1  robotcontrol.o(.data)
    ForwardSpeechFlag                        0x20000189   Data           1  robotcontrol.o(.data)
    BackwrdSpeechFlag                        0x2000018a   Data           1  robotcontrol.o(.data)
    ClckWisSpeechFlag                        0x2000018b   Data           1  robotcontrol.o(.data)
    AticlckSpeechFlag                        0x2000018c   Data           1  robotcontrol.o(.data)
    TrasfrmSpeechFlag                        0x2000018d   Data           1  robotcontrol.o(.data)
    FrdRollSpeechFlag                        0x2000018e   Data           1  robotcontrol.o(.data)
    BakRollSpeechFlag                        0x2000018f   Data           1  robotcontrol.o(.data)
    .data                                    0x20000190   Section        1  speech.o(.data)
    .data                                    0x20000191   Section       16  stm32f4xx_rcc.o(.data)
    APBAHBPrescTable                         0x20000191   Data          16  stm32f4xx_rcc.o(.data)
    .data                                    0x200001a2   Section        4  common.o(.data)
    fac_us                                   0x200001a2   Data           1  common.o(.data)
    fac_ms                                   0x200001a4   Data           2  common.o(.data)
    .data                                    0x200001a8   Section        4  errno.o(.data)
    _errno                                   0x200001a8   Data           4  errno.o(.data)
    .bss                                     0x200001ac   Section      408  servo.o(.bss)
    ServoReceiveBuffer                       0x200001ac   Data          12  servo.o(.bss)
    TempBuffer                               0x20000338   Data          12  servo.o(.bss)
    .bss                                     0x20000344   Section       20  oled.o(.bss)
    .bss                                     0x20000358   Section       10  bluetooth.o(.bss)
    .bss                                     0x20000364   Section       16  inv_mpu_dmp_motion_driver.o(.bss)
    dmp                                      0x20000364   Data          16  inv_mpu_dmp_motion_driver.o(.bss)
    .bss                                     0x20000374   Section      200  usart.o(.bss)
    .bss                                     0x2000043c   Section       20  adc.o(.bss)
    SampleData                               0x2000043c   Data          20  adc.o(.bss)
    .bss                                     0x20000450   Section      600  robotcontrol.o(.bss)
    DhDegree                                 0x20000450   Data          24  robotcontrol.o(.bss)
    SServoPwmData                            0x20000468   Data          72  robotcontrol.o(.bss)
    FServoPwmData                            0x200004b0   Data          72  robotcontrol.o(.bss)
    BServoPwmData                            0x200004f8   Data          72  robotcontrol.o(.bss)
    CServoPwmData                            0x20000540   Data          72  robotcontrol.o(.bss)
    LFServoPwmData                           0x20000588   Data          72  robotcontrol.o(.bss)
    LBServoPwmData                           0x200005d0   Data          72  robotcontrol.o(.bss)
    RFServoPwmData                           0x20000618   Data          72  robotcontrol.o(.bss)
    RBServoPwmData                           0x20000660   Data          72  robotcontrol.o(.bss)
    STACK                                    0x200006a8   Section     1024  startup_stm32f40_41xxx.o(STACK)

    Global Symbols

    Symbol Name                              Value     Ov Type        Size  Object(Section)

    BuildAttributes$$THM_ISAv4$E$P$D$K$B$S$7EM$VFPi3$EXTD16$VFPS$VFMA$PE$A:L22UL41UL21$X:L11$S22US41US21$IEEE1$IW$USESV6$~STKCKD$USESV7$~SHL$OTIME$ROPI$IEEEX$EBA8$MICROLIB$REQ8$PRES8$EABIv2 0x00000000   Number         0  anon$$obj.o ABSOLUTE
    __ARM_use_no_argv                        0x00000000   Number         0  main.o ABSOLUTE
    __use_no_errno                           0x00000000   Number         0  useno.o ABSOLUTE
    __use_no_exception_handling              0x00000000   Number         0  useno.o ABSOLUTE
    __use_no_fp                              0x00000000   Number         0  useno.o ABSOLUTE
    __use_no_heap                            0x00000000   Number         0  useno.o ABSOLUTE
    __use_no_heap_region                     0x00000000   Number         0  useno.o ABSOLUTE
    __use_no_semihosting                     0x00000000   Number         0  useno.o ABSOLUTE
    __use_no_semihosting_swi                 0x00000000   Number         0  useno.o ABSOLUTE
    __use_no_signal_handling                 0x00000000   Number         0  useno.o ABSOLUTE
    _printf_a                                0x00000000   Number         0  stubs.o ABSOLUTE
    _printf_c                                0x00000000   Number         0  stubs.o ABSOLUTE
    _printf_charcount                        0x00000000   Number         0  stubs.o ABSOLUTE
    _printf_d                                0x00000000   Number         0  stubs.o ABSOLUTE
    _printf_e                                0x00000000   Number         0  stubs.o ABSOLUTE
    _printf_f                                0x00000000   Number         0  stubs.o ABSOLUTE
    _printf_flags                            0x00000000   Number         0  stubs.o ABSOLUTE
    _printf_fp_dec                           0x00000000   Number         0  stubs.o ABSOLUTE
    _printf_fp_hex                           0x00000000   Number         0  stubs.o ABSOLUTE
    _printf_g                                0x00000000   Number         0  stubs.o ABSOLUTE
    _printf_i                                0x00000000   Number         0  stubs.o ABSOLUTE
    _printf_int_dec                          0x00000000   Number         0  stubs.o ABSOLUTE
    _printf_l                                0x00000000   Number         0  stubs.o ABSOLUTE
    _printf_lc                               0x00000000   Number         0  stubs.o ABSOLUTE
    _printf_ll                               0x00000000   Number         0  stubs.o ABSOLUTE
    _printf_lld                              0x00000000   Number         0  stubs.o ABSOLUTE
    _printf_lli                              0x00000000   Number         0  stubs.o ABSOLUTE
    _printf_llo                              0x00000000   Number         0  stubs.o ABSOLUTE
    _printf_llu                              0x00000000   Number         0  stubs.o ABSOLUTE
    _printf_llx                              0x00000000   Number         0  stubs.o ABSOLUTE
    _printf_longlong_dec                     0x00000000   Number         0  stubs.o ABSOLUTE
    _printf_longlong_hex                     0x00000000   Number         0  stubs.o ABSOLUTE
    _printf_longlong_oct                     0x00000000   Number         0  stubs.o ABSOLUTE
    _printf_ls                               0x00000000   Number         0  stubs.o ABSOLUTE
    _printf_mbtowc                           0x00000000   Number         0  stubs.o ABSOLUTE
    _printf_n                                0x00000000   Number         0  stubs.o ABSOLUTE
    _printf_o                                0x00000000   Number         0  stubs.o ABSOLUTE
    _printf_p                                0x00000000   Number         0  stubs.o ABSOLUTE
    _printf_percent                          0x00000000   Number         0  stubs.o ABSOLUTE
    _printf_pre_padding                      0x00000000   Number         0  stubs.o ABSOLUTE
    _printf_return_value                     0x00000000   Number         0  stubs.o ABSOLUTE
    _printf_s                                0x00000000   Number         0  stubs.o ABSOLUTE
    _printf_sizespec                         0x00000000   Number         0  stubs.o ABSOLUTE
    _printf_str                              0x00000000   Number         0  stubs.o ABSOLUTE
    _printf_truncate_signed                  0x00000000   Number         0  stubs.o ABSOLUTE
    _printf_truncate_unsigned                0x00000000   Number         0  stubs.o ABSOLUTE
    _printf_u                                0x00000000   Number         0  stubs.o ABSOLUTE
    _printf_wc                               0x00000000   Number         0  stubs.o ABSOLUTE
    _printf_wctomb                           0x00000000   Number         0  stubs.o ABSOLUTE
    _printf_widthprec                        0x00000000   Number         0  stubs.o ABSOLUTE
    _printf_x                                0x00000000   Number         0  stubs.o ABSOLUTE
    __cpp_initialize__aeabi_                  - Undefined Weak Reference
    __cxa_finalize                            - Undefined Weak Reference
    _clock_init                               - Undefined Weak Reference
    _microlib_exit                            - Undefined Weak Reference
    __Vectors_Size                           0x00000188   Number         0  startup_stm32f40_41xxx.o ABSOLUTE
    __Vectors                                0x08000000   Data           4  startup_stm32f40_41xxx.o(RESET)
    __Vectors_End                            0x08000188   Data           0  startup_stm32f40_41xxx.o(RESET)
    __main                                   0x08000189   Thumb Code     0  entry.o(.ARM.Collect$$$$00000000)
    _main_stk                                0x08000189   Thumb Code     0  entry2.o(.ARM.Collect$$$$00000001)
    _main_scatterload                        0x0800018d   Thumb Code     0  entry5.o(.ARM.Collect$$$$00000004)
    __main_after_scatterload                 0x08000191   Thumb Code     0  entry5.o(.ARM.Collect$$$$00000004)
    _main_clock                              0x08000191   Thumb Code     0  entry7b.o(.ARM.Collect$$$$00000008)
    _main_cpp_init                           0x08000191   Thumb Code     0  entry8b.o(.ARM.Collect$$$$0000000A)
    _main_init                               0x08000191   Thumb Code     0  entry9a.o(.ARM.Collect$$$$0000000B)
    __rt_final_cpp                           0x08000199   Thumb Code     0  entry10a.o(.ARM.Collect$$$$0000000D)
    __rt_final_exit                          0x08000199   Thumb Code     0  entry11a.o(.ARM.Collect$$$$0000000F)
    EulerAngle_Disp                          0x0800019d   Thumb Code   182  main.o(.text)
    RobotLed_Disp                            0x08000253   Thumb Code    88  main.o(.text)
    main                                     0x080002ab   Thumb Code   206  main.o(.text)
    NMI_Handler                              0x080003b5   Thumb Code     2  stm32f4xx_it.o(.text)
    HardFault_Handler                        0x080003b7   Thumb Code     4  stm32f4xx_it.o(.text)
    MemManage_Handler                        0x080003bb   Thumb Code     4  stm32f4xx_it.o(.text)
    BusFault_Handler                         0x080003bf   Thumb Code     4  stm32f4xx_it.o(.text)
    UsageFault_Handler                       0x080003c3   Thumb Code     4  stm32f4xx_it.o(.text)
    SVC_Handler                              0x080003c7   Thumb Code     2  stm32f4xx_it.o(.text)
    DebugMon_Handler                         0x080003c9   Thumb Code     2  stm32f4xx_it.o(.text)
    PendSV_Handler                           0x080003cb   Thumb Code     2  stm32f4xx_it.o(.text)
    SysTick_Handler                          0x080003cd   Thumb Code     2  stm32f4xx_it.o(.text)
    Reset_Handler                            0x080003d1   Thumb Code     8  startup_stm32f40_41xxx.o(.text)
    ADC_IRQHandler                           0x080003eb   Thumb Code     0  startup_stm32f40_41xxx.o(.text)
    CAN1_RX0_IRQHandler                      0x080003eb   Thumb Code     0  startup_stm32f40_41xxx.o(.text)
    CAN1_RX1_IRQHandler                      0x080003eb   Thumb Code     0  startup_stm32f40_41xxx.o(.text)
    CAN1_SCE_IRQHandler                      0x080003eb   Thumb Code     0  startup_stm32f40_41xxx.o(.text)
    CAN1_TX_IRQHandler                       0x080003eb   Thumb Code     0  startup_stm32f40_41xxx.o(.text)
    CAN2_RX0_IRQHandler                      0x080003eb   Thumb Code     0  startup_stm32f40_41xxx.o(.text)
    CAN2_RX1_IRQHandler                      0x080003eb   Thumb Code     0  startup_stm32f40_41xxx.o(.text)
    CAN2_SCE_IRQHandler                      0x080003eb   Thumb Code     0  startup_stm32f40_41xxx.o(.text)
    CAN2_TX_IRQHandler                       0x080003eb   Thumb Code     0  startup_stm32f40_41xxx.o(.text)
    CRYP_IRQHandler                          0x080003eb   Thumb Code     0  startup_stm32f40_41xxx.o(.text)
    DCMI_IRQHandler                          0x080003eb   Thumb Code     0  startup_stm32f40_41xxx.o(.text)
    DMA1_Stream1_IRQHandler                  0x080003eb   Thumb Code     0  startup_stm32f40_41xxx.o(.text)
    DMA1_Stream2_IRQHandler                  0x080003eb   Thumb Code     0  startup_stm32f40_41xxx.o(.text)
    DMA1_Stream3_IRQHandler                  0x080003eb   Thumb Code     0  startup_stm32f40_41xxx.o(.text)
    DMA1_Stream4_IRQHandler                  0x080003eb   Thumb Code     0  startup_stm32f40_41xxx.o(.text)
    DMA1_Stream5_IRQHandler                  0x080003eb   Thumb Code     0  startup_stm32f40_41xxx.o(.text)
    DMA1_Stream6_IRQHandler                  0x080003eb   Thumb Code     0  startup_stm32f40_41xxx.o(.text)
    DMA2_Stream0_IRQHandler                  0x080003eb   Thumb Code     0  startup_stm32f40_41xxx.o(.text)
    DMA2_Stream1_IRQHandler                  0x080003eb   Thumb Code     0  startup_stm32f40_41xxx.o(.text)
    DMA2_Stream2_IRQHandler                  0x080003eb   Thumb Code     0  startup_stm32f40_41xxx.o(.text)
    DMA2_Stream4_IRQHandler                  0x080003eb   Thumb Code     0  startup_stm32f40_41xxx.o(.text)
    DMA2_Stream5_IRQHandler                  0x080003eb   Thumb Code     0  startup_stm32f40_41xxx.o(.text)
    DMA2_Stream6_IRQHandler                  0x080003eb   Thumb Code     0  startup_stm32f40_41xxx.o(.text)
    DMA2_Stream7_IRQHandler                  0x080003eb   Thumb Code     0  startup_stm32f40_41xxx.o(.text)
    ETH_IRQHandler                           0x080003eb   Thumb Code     0  startup_stm32f40_41xxx.o(.text)
    ETH_WKUP_IRQHandler                      0x080003eb   Thumb Code     0  startup_stm32f40_41xxx.o(.text)
    EXTI0_IRQHandler                         0x080003eb   Thumb Code     0  startup_stm32f40_41xxx.o(.text)
    EXTI15_10_IRQHandler                     0x080003eb   Thumb Code     0  startup_stm32f40_41xxx.o(.text)
    EXTI1_IRQHandler                         0x080003eb   Thumb Code     0  startup_stm32f40_41xxx.o(.text)
    EXTI2_IRQHandler                         0x080003eb   Thumb Code     0  startup_stm32f40_41xxx.o(.text)
    EXTI3_IRQHandler                         0x080003eb   Thumb Code     0  startup_stm32f40_41xxx.o(.text)
    EXTI4_IRQHandler                         0x080003eb   Thumb Code     0  startup_stm32f40_41xxx.o(.text)
    EXTI9_5_IRQHandler                       0x080003eb   Thumb Code     0  startup_stm32f40_41xxx.o(.text)
    FLASH_IRQHandler                         0x080003eb   Thumb Code     0  startup_stm32f40_41xxx.o(.text)
    FPU_IRQHandler                           0x080003eb   Thumb Code     0  startup_stm32f40_41xxx.o(.text)
    FSMC_IRQHandler                          0x080003eb   Thumb Code     0  startup_stm32f40_41xxx.o(.text)
    HASH_RNG_IRQHandler                      0x080003eb   Thumb Code     0  startup_stm32f40_41xxx.o(.text)
    I2C1_ER_IRQHandler                       0x080003eb   Thumb Code     0  startup_stm32f40_41xxx.o(.text)
    I2C1_EV_IRQHandler                       0x080003eb   Thumb Code     0  startup_stm32f40_41xxx.o(.text)
    I2C2_ER_IRQHandler                       0x080003eb   Thumb Code     0  startup_stm32f40_41xxx.o(.text)
    I2C2_EV_IRQHandler                       0x080003eb   Thumb Code     0  startup_stm32f40_41xxx.o(.text)
    I2C3_ER_IRQHandler                       0x080003eb   Thumb Code     0  startup_stm32f40_41xxx.o(.text)
    I2C3_EV_IRQHandler                       0x080003eb   Thumb Code     0  startup_stm32f40_41xxx.o(.text)
    OTG_FS_IRQHandler                        0x080003eb   Thumb Code     0  startup_stm32f40_41xxx.o(.text)
    OTG_FS_WKUP_IRQHandler                   0x080003eb   Thumb Code     0  startup_stm32f40_41xxx.o(.text)
    OTG_HS_EP1_IN_IRQHandler                 0x080003eb   Thumb Code     0  startup_stm32f40_41xxx.o(.text)
    OTG_HS_EP1_OUT_IRQHandler                0x080003eb   Thumb Code     0  startup_stm32f40_41xxx.o(.text)
    OTG_HS_IRQHandler                        0x080003eb   Thumb Code     0  startup_stm32f40_41xxx.o(.text)
    OTG_HS_WKUP_IRQHandler                   0x080003eb   Thumb Code     0  startup_stm32f40_41xxx.o(.text)
    PVD_IRQHandler                           0x080003eb   Thumb Code     0  startup_stm32f40_41xxx.o(.text)
    RCC_IRQHandler                           0x080003eb   Thumb Code     0  startup_stm32f40_41xxx.o(.text)
    RTC_Alarm_IRQHandler                     0x080003eb   Thumb Code     0  startup_stm32f40_41xxx.o(.text)
    RTC_WKUP_IRQHandler                      0x080003eb   Thumb Code     0  startup_stm32f40_41xxx.o(.text)
    SDIO_IRQHandler                          0x080003eb   Thumb Code     0  startup_stm32f40_41xxx.o(.text)
    SPI1_IRQHandler                          0x080003eb   Thumb Code     0  startup_stm32f40_41xxx.o(.text)
    SPI2_IRQHandler                          0x080003eb   Thumb Code     0  startup_stm32f40_41xxx.o(.text)
    SPI3_IRQHandler                          0x080003eb   Thumb Code     0  startup_stm32f40_41xxx.o(.text)
    TAMP_STAMP_IRQHandler                    0x080003eb   Thumb Code     0  startup_stm32f40_41xxx.o(.text)
    TIM1_BRK_TIM9_IRQHandler                 0x080003eb   Thumb Code     0  startup_stm32f40_41xxx.o(.text)
    TIM1_CC_IRQHandler                       0x080003eb   Thumb Code     0  startup_stm32f40_41xxx.o(.text)
    TIM1_TRG_COM_TIM11_IRQHandler            0x080003eb   Thumb Code     0  startup_stm32f40_41xxx.o(.text)
    TIM1_UP_TIM10_IRQHandler                 0x080003eb   Thumb Code     0  startup_stm32f40_41xxx.o(.text)
    TIM3_IRQHandler                          0x080003eb   Thumb Code     0  startup_stm32f40_41xxx.o(.text)
    TIM4_IRQHandler                          0x080003eb   Thumb Code     0  startup_stm32f40_41xxx.o(.text)
    TIM5_IRQHandler                          0x080003eb   Thumb Code     0  startup_stm32f40_41xxx.o(.text)
    TIM6_DAC_IRQHandler                      0x080003eb   Thumb Code     0  startup_stm32f40_41xxx.o(.text)
    TIM7_IRQHandler                          0x080003eb   Thumb Code     0  startup_stm32f40_41xxx.o(.text)
    TIM8_BRK_TIM12_IRQHandler                0x080003eb   Thumb Code     0  startup_stm32f40_41xxx.o(.text)
    TIM8_CC_IRQHandler                       0x080003eb   Thumb Code     0  startup_stm32f40_41xxx.o(.text)
    TIM8_TRG_COM_TIM14_IRQHandler            0x080003eb   Thumb Code     0  startup_stm32f40_41xxx.o(.text)
    TIM8_UP_TIM13_IRQHandler                 0x080003eb   Thumb Code     0  startup_stm32f40_41xxx.o(.text)
    UART5_IRQHandler                         0x080003eb   Thumb Code     0  startup_stm32f40_41xxx.o(.text)
    USART2_IRQHandler                        0x080003eb   Thumb Code     0  startup_stm32f40_41xxx.o(.text)
    USART6_IRQHandler                        0x080003eb   Thumb Code     0  startup_stm32f40_41xxx.o(.text)
    WWDG_IRQHandler                          0x080003eb   Thumb Code     0  startup_stm32f40_41xxx.o(.text)
    SystemInit                               0x080004d1   Thumb Code    88  system_stm32f4xx.o(.text)
    SystemCoreClockUpdate                    0x08000529   Thumb Code   174  system_stm32f4xx.o(.text)
    USART3_IRQHandler                        0x0800077f   Thumb Code   116  servo.o(.text)
    ServoTorsion_Enable                      0x080007f3   Thumb Code    76  servo.o(.text)
    ServoTorsion_Disable                     0x0800083f   Thumb Code    76  servo.o(.text)
    ServoPwmData_Send                        0x0800088b   Thumb Code   138  servo.o(.text)
    ServoAngleData_Read                      0x08000915   Thumb Code   122  servo.o(.text)
    ServoAngleRead_Disp                      0x0800098f   Thumb Code   330  servo.o(.text)
    TIM2_IRQHandler                          0x08000ad9   Thumb Code    94  servo.o(.text)
    ServoRunTime_Set                         0x08000b37   Thumb Code    20  servo.o(.text)
    Servo_Run                                0x08000b4b   Thumb Code    18  servo.o(.text)
    Servo_Stop                               0x08000b5d   Thumb Code    20  servo.o(.text)
    Servo_Init                               0x08000b71   Thumb Code    16  servo.o(.text)
    SPI1_DMAConfig                           0x08000b8d   Thumb Code   146  oled.o(.text)
    OLED_GPIOConfig                          0x08000c1f   Thumb Code   216  oled.o(.text)
    DMA2_Stream3_IRQHandler                  0x08000cf7   Thumb Code    28  oled.o(.text)
    SPI1_Send                                0x08000d13   Thumb Code    36  oled.o(.text)
    OLED_Writ_Bus                            0x08000d37   Thumb Code    12  oled.o(.text)
    OLED_WrDat                               0x08000d43   Thumb Code    20  oled.o(.text)
    OLED_WrCmd                               0x08000d57   Thumb Code    20  oled.o(.text)
    OLED_Set_Pos                             0x08000d6b   Thumb Code    36  oled.o(.text)
    OLED_Fill                                0x08000d8f   Thumb Code    58  oled.o(.text)
    OLED_CLS                                 0x08000dc9   Thumb Code    56  oled.o(.text)
    OLED_Init                                0x08000e01   Thumb Code   212  oled.o(.text)
    OLED_P6x8Char                            0x08000ed5   Thumb Code    68  oled.o(.text)
    OLED_P6x8Str                             0x08000f19   Thumb Code    96  oled.o(.text)
    OLED_P6x8Number                          0x08000f79   Thumb Code   428  oled.o(.text)
    OLED_P8x16Char                           0x08001125   Thumb Code   118  oled.o(.text)
    OLED_P8x16Str                            0x0800119b   Thumb Code   130  oled.o(.text)
    OLED_P8x16Number                         0x0800121d   Thumb Code   406  oled.o(.text)
    BluetoothData_Send                       0x08001597   Thumb Code    38  bluetooth.o(.text)
    DMA1_Stream7_IRQHandler                  0x080015bd   Thumb Code    26  bluetooth.o(.text)
    DMA1_Stream0_IRQHandler                  0x080015d7   Thumb Code    26  bluetooth.o(.text)
    Bluetooth_Init                           0x080015f1   Thumb Code    12  bluetooth.o(.text)
    RedLight_TurnOn                          0x0800164b   Thumb Code    34  rgbled.o(.text)
    GreLight_TurnOn                          0x0800166d   Thumb Code    34  rgbled.o(.text)
    BluLight_TurnOn                          0x0800168f   Thumb Code    34  rgbled.o(.text)
    YelLight_TurnOn                          0x080016b1   Thumb Code    34  rgbled.o(.text)
    PurLight_TurnOn                          0x080016d3   Thumb Code    34  rgbled.o(.text)
    WhiLight_TurnOn                          0x080016f5   Thumb Code    34  rgbled.o(.text)
    Light_TurnOff                            0x08001717   Thumb Code    34  rgbled.o(.text)
    RgbLed_Init                              0x08001739   Thumb Code    52  rgbled.o(.text)
    mpu_reg_dump                             0x080017fb   Thumb Code    84  inv_mpu.o(.text)
    mpu_read_reg                             0x0800184f   Thumb Code    66  inv_mpu.o(.text)
    mpu_set_int_latched                      0x08001891   Thumb Code   102  inv_mpu.o(.text)
    mpu_set_sensors                          0x080018f7   Thumb Code   202  inv_mpu.o(.text)
    mpu_set_bypass                           0x080019c1   Thumb Code   328  inv_mpu.o(.text)
    mpu_reset_fifo                           0x08001b09   Thumb Code   472  inv_mpu.o(.text)
    mpu_configure_fifo                       0x08001ce1   Thumb Code   106  inv_mpu.o(.text)
    mpu_set_lpf                              0x08001d4b   Thumb Code   126  inv_mpu.o(.text)
    mpu_lp_accel_mode                        0x08001dc9   Thumb Code   218  inv_mpu.o(.text)
    mpu_set_sample_rate                      0x08001ea3   Thumb Code   152  inv_mpu.o(.text)
    mpu_set_accel_fsr                        0x08001f3b   Thumb Code   132  inv_mpu.o(.text)
    mpu_set_gyro_fsr                         0x08001fbf   Thumb Code   132  inv_mpu.o(.text)
    mpu_init                                 0x08002043   Thumb Code   416  inv_mpu.o(.text)
    mget_ms                                  0x080021e3   Thumb Code     2  inv_mpu.o(.text)
    mpu_get_gyro_reg                         0x080021e5   Thumb Code   110  inv_mpu.o(.text)
    mpu_get_accel_reg                        0x08002253   Thumb Code   110  inv_mpu.o(.text)
    mpu_get_temperature                      0x080022c1   Thumb Code   142  inv_mpu.o(.text)
    mpu_set_accel_bias                       0x0800234f   Thumb Code   472  inv_mpu.o(.text)
    mpu_get_gyro_fsr                         0x08002527   Thumb Code    64  inv_mpu.o(.text)
    mpu_get_accel_fsr                        0x08002567   Thumb Code    72  inv_mpu.o(.text)
    mpu_get_lpf                              0x080025af   Thumb Code    74  inv_mpu.o(.text)
    mpu_get_sample_rate                      0x080025f9   Thumb Code    26  inv_mpu.o(.text)
    mpu_get_compass_sample_rate              0x08002613   Thumb Code    10  inv_mpu.o(.text)
    mpu_set_compass_sample_rate              0x0800261d   Thumb Code     8  inv_mpu.o(.text)
    mpu_get_gyro_sens                        0x08002625   Thumb Code    74  inv_mpu.o(.text)
    mpu_get_accel_sens                       0x0800266f   Thumb Code    78  inv_mpu.o(.text)
    mpu_get_fifo_config                      0x080026bd   Thumb Code    12  inv_mpu.o(.text)
    mpu_get_power_state                      0x080026c9   Thumb Code    22  inv_mpu.o(.text)
    mpu_get_int_status                       0x080026df   Thumb Code    64  inv_mpu.o(.text)
    mpu_read_fifo                            0x0800271f   Thumb Code   520  inv_mpu.o(.text)
    mpu_read_fifo_stream                     0x08002927   Thumb Code   186  inv_mpu.o(.text)
    mpu_set_int_level                        0x080029e1   Thumb Code    12  inv_mpu.o(.text)
    mpu_set_dmp_state                        0x080030f1   Thumb Code   138  inv_mpu.o(.text)
    mpu_run_self_test                        0x0800317b   Thumb Code   278  inv_mpu.o(.text)
    mpu_write_mem                            0x08003291   Thumb Code   122  inv_mpu.o(.text)
    mpu_read_mem                             0x0800330b   Thumb Code   122  inv_mpu.o(.text)
    mpu_load_firmware                        0x08003385   Thumb Code   190  inv_mpu.o(.text)
    mpu_get_dmp_state                        0x08003443   Thumb Code    14  inv_mpu.o(.text)
    setup_compass                            0x08003451   Thumb Code     6  inv_mpu.o(.text)
    mpu_get_compass_reg                      0x08003457   Thumb Code     8  inv_mpu.o(.text)
    mpu_get_compass_fsr                      0x0800345f   Thumb Code     8  inv_mpu.o(.text)
    mpu_lp_motion_interrupt                  0x08003467   Thumb Code   512  inv_mpu.o(.text)
    run_self_test                            0x08003667   Thumb Code   154  inv_mpu.o(.text)
    inv_row_2_scale                          0x08003701   Thumb Code    78  inv_mpu.o(.text)
    inv_orientation_matrix_to_scalar         0x0800374f   Thumb Code    40  inv_mpu.o(.text)
    mpu_dmp_init                             0x08003777   Thumb Code   160  inv_mpu.o(.text)
    mpu_dmp_get_data                         0x08003817   Thumb Code   520  inv_mpu.o(.text)
    dmp_load_motion_driver_firmware          0x08003a31   Thumb Code    20  inv_mpu_dmp_motion_driver.o(.text)
    dmp_set_orientation                      0x08003a45   Thumb Code   290  inv_mpu_dmp_motion_driver.o(.text)
    dmp_set_gyro_bias                        0x08003b67   Thumb Code   294  inv_mpu_dmp_motion_driver.o(.text)
    dmp_set_accel_bias                       0x08003c8d   Thumb Code   300  inv_mpu_dmp_motion_driver.o(.text)
    dmp_set_fifo_rate                        0x08003db9   Thumb Code   136  inv_mpu_dmp_motion_driver.o(.text)
    dmp_get_fifo_rate                        0x08003e41   Thumb Code    12  inv_mpu_dmp_motion_driver.o(.text)
    dmp_set_tap_thresh                       0x08003e4d   Thumb Code   412  inv_mpu_dmp_motion_driver.o(.text)
    dmp_set_tap_axes                         0x08003fe9   Thumb Code    70  inv_mpu_dmp_motion_driver.o(.text)
    dmp_set_tap_count                        0x0800402f   Thumb Code    38  inv_mpu_dmp_motion_driver.o(.text)
    dmp_set_tap_time                         0x08004055   Thumb Code    38  inv_mpu_dmp_motion_driver.o(.text)
    dmp_set_tap_time_multi                   0x0800407b   Thumb Code    38  inv_mpu_dmp_motion_driver.o(.text)
    dmp_set_shake_reject_thresh              0x080040a1   Thumb Code    56  inv_mpu_dmp_motion_driver.o(.text)
    dmp_set_shake_reject_time                0x080040d9   Thumb Code    38  inv_mpu_dmp_motion_driver.o(.text)
    dmp_set_shake_reject_timeout             0x080040ff   Thumb Code    38  inv_mpu_dmp_motion_driver.o(.text)
    dmp_get_pedometer_step_count             0x08004125   Thumb Code    66  inv_mpu_dmp_motion_driver.o(.text)
    dmp_set_pedometer_step_count             0x08004167   Thumb Code    42  inv_mpu_dmp_motion_driver.o(.text)
    dmp_get_pedometer_walk_time              0x08004191   Thumb Code    72  inv_mpu_dmp_motion_driver.o(.text)
    dmp_set_pedometer_walk_time              0x080041d9   Thumb Code    48  inv_mpu_dmp_motion_driver.o(.text)
    dmp_enable_6x_lp_quat                    0x08004209   Thumb Code   100  inv_mpu_dmp_motion_driver.o(.text)
    dmp_enable_lp_quat                       0x0800426d   Thumb Code    60  inv_mpu_dmp_motion_driver.o(.text)
    dmp_enable_gyro_cal                      0x080042a9   Thumb Code    62  inv_mpu_dmp_motion_driver.o(.text)
    dmp_enable_feature                       0x080042e7   Thumb Code   530  inv_mpu_dmp_motion_driver.o(.text)
    dmp_get_enabled_features                 0x080044f9   Thumb Code    12  inv_mpu_dmp_motion_driver.o(.text)
    dmp_set_interrupt_mode                   0x08004563   Thumb Code    66  inv_mpu_dmp_motion_driver.o(.text)
    dmp_read_fifo                            0x080045a5   Thumb Code   514  inv_mpu_dmp_motion_driver.o(.text)
    dmp_register_tap_cb                      0x080047a7   Thumb Code    10  inv_mpu_dmp_motion_driver.o(.text)
    dmp_register_android_orient_cb           0x080047b1   Thumb Code    10  inv_mpu_dmp_motion_driver.o(.text)
    MPU_Write_Byte                           0x080047c1   Thumb Code    68  mpu6050.o(.text)
    MPU_Set_LPF                              0x08004805   Thumb Code    58  mpu6050.o(.text)
    MPU_Set_Rate                             0x0800483f   Thumb Code    58  mpu6050.o(.text)
    MPU_Read_Byte                            0x08004879   Thumb Code    58  mpu6050.o(.text)
    MPU_Set_Accel_Fsr                        0x080048b3   Thumb Code    16  mpu6050.o(.text)
    MPU_Set_Gyro_Fsr                         0x080048c3   Thumb Code    16  mpu6050.o(.text)
    MPU_Init                                 0x080048d3   Thumb Code   122  mpu6050.o(.text)
    MPU_Read_Len                             0x0800494d   Thumb Code   116  mpu6050.o(.text)
    MPU_Get_Temperature                      0x080049c1   Thumb Code   110  mpu6050.o(.text)
    MPU_Get_Gyroscope                        0x08004a2f   Thumb Code    80  mpu6050.o(.text)
    MPU_Get_Accelerometer                    0x08004a7f   Thumb Code    80  mpu6050.o(.text)
    MPU_Write_Len                            0x08004acf   Thumb Code    96  mpu6050.o(.text)
    Mpu6050_Init                             0x08004b2f   Thumb Code    30  mpu6050.o(.text)
    EulerAngle_Get                           0x08004b4d   Thumb Code    30  mpu6050.o(.text)
    IIC_Init                                 0x08004b81   Thumb Code    60  analogiic.o(.text)
    IIC_Start                                0x08004bbd   Thumb Code    68  analogiic.o(.text)
    IIC_Stop                                 0x08004c01   Thumb Code    62  analogiic.o(.text)
    IIC_Wait_Ack                             0x08004c3f   Thumb Code    82  analogiic.o(.text)
    IIC_Ack                                  0x08004c91   Thumb Code    66  analogiic.o(.text)
    IIC_NAck                                 0x08004cd3   Thumb Code    66  analogiic.o(.text)
    IIC_Send_Byte                            0x08004d15   Thumb Code    90  analogiic.o(.text)
    IIC_Read_Byte                            0x08004d6f   Thumb Code    94  analogiic.o(.text)
    Beep_BliBli                              0x08004e0b   Thumb Code   132  beep.o(.text)
    Beep_On                                  0x08004e8f   Thumb Code    14  beep.o(.text)
    Beep_Off                                 0x08004e9d   Thumb Code    14  beep.o(.text)
    Beep_Init                                0x08004eab   Thumb Code    12  beep.o(.text)
    _sys_exit                                0x08004ebd   Thumb Code     6  usart.o(.text)
    fputc                                    0x08004ec3   Thumb Code    22  usart.o(.text)
    USART1_Init                              0x08004ed9   Thumb Code   174  usart.o(.text)
    Usart1Data_Send                          0x08004f87   Thumb Code    42  usart.o(.text)
    USART1_IRQHandler                        0x08004fb1   Thumb Code   124  usart.o(.text)
    Adc_Init                                 0x0800503d   Thumb Code   264  adc.o(.text)
    BatteryVoltage_Get                       0x08005145   Thumb Code   204  adc.o(.text)
    RobotHexShape_Stand                      0x080123ab   Thumb Code   110  robotcontrol.o(.text)
    RobotInstruct_Control                    0x080143b5   Thumb Code   938  robotcontrol.o(.text)
    Speech_Init                              0x080147bd   Thumb Code   176  speech.o(.text)
    StandBySpeech_Play                       0x08014897   Thumb Code    10  speech.o(.text)
    ForwardSpeech_Play                       0x080148a1   Thumb Code    10  speech.o(.text)
    BackwrdSpeech_Play                       0x080148ab   Thumb Code    10  speech.o(.text)
    ClckWisSpeech_Play                       0x080148b5   Thumb Code    10  speech.o(.text)
    AtiClckSpeech_Play                       0x080148bf   Thumb Code    10  speech.o(.text)
    TrasfrmSpeech_Play                       0x080148c9   Thumb Code    10  speech.o(.text)
    FrdRollSpeech_Play                       0x080148d3   Thumb Code    10  speech.o(.text)
    BakRollSpeech_Play                       0x080148dd   Thumb Code    10  speech.o(.text)
    GestureSpeech_Play                       0x080148e7   Thumb Code    10  speech.o(.text)
    Mp3SpeechStop_Play                       0x080148f1   Thumb Code    10  speech.o(.text)
    TxtUpdaSpeech_Play                       0x080148fb   Thumb Code    32  speech.o(.text)
    UART4_IRQHandler                         0x0801491b   Thumb Code    26  speech.o(.text)
    NVIC_PriorityGroupConfig                 0x080149f9   Thumb Code    10  misc.o(.text)
    NVIC_Init                                0x08014a03   Thumb Code   106  misc.o(.text)
    NVIC_SetVectorTable                      0x08014a6d   Thumb Code    14  misc.o(.text)
    NVIC_SystemLPConfig                      0x08014a7b   Thumb Code    34  misc.o(.text)
    SysTick_CLKSourceConfig                  0x08014a9d   Thumb Code    40  misc.o(.text)
    GPIO_DeInit                              0x08014ad9   Thumb Code   268  stm32f4xx_gpio.o(.text)
    GPIO_Init                                0x08014be5   Thumb Code   144  stm32f4xx_gpio.o(.text)
    GPIO_StructInit                          0x08014c75   Thumb Code    18  stm32f4xx_gpio.o(.text)
    GPIO_PinLockConfig                       0x08014c87   Thumb Code    34  stm32f4xx_gpio.o(.text)
    GPIO_ReadInputDataBit                    0x08014ca9   Thumb Code    18  stm32f4xx_gpio.o(.text)
    GPIO_ReadInputData                       0x08014cbb   Thumb Code     8  stm32f4xx_gpio.o(.text)
    GPIO_ReadOutputDataBit                   0x08014cc3   Thumb Code    18  stm32f4xx_gpio.o(.text)
    GPIO_ReadOutputData                      0x08014cd5   Thumb Code     8  stm32f4xx_gpio.o(.text)
    GPIO_SetBits                             0x08014cdd   Thumb Code     4  stm32f4xx_gpio.o(.text)
    GPIO_ResetBits                           0x08014ce1   Thumb Code     4  stm32f4xx_gpio.o(.text)
    GPIO_WriteBit                            0x08014ce5   Thumb Code    10  stm32f4xx_gpio.o(.text)
    GPIO_Write                               0x08014cef   Thumb Code     4  stm32f4xx_gpio.o(.text)
    GPIO_ToggleBits                          0x08014cf3   Thumb Code     8  stm32f4xx_gpio.o(.text)
    GPIO_PinAFConfig                         0x08014cfb   Thumb Code    70  stm32f4xx_gpio.o(.text)
    TIM_DeInit                               0x08014d6d   Thumb Code   346  stm32f4xx_tim.o(.text)
    TIM_TimeBaseInit                         0x08014ec7   Thumb Code   104  stm32f4xx_tim.o(.text)
    TIM_TimeBaseStructInit                   0x08014f2f   Thumb Code    18  stm32f4xx_tim.o(.text)
    TIM_PrescalerConfig                      0x08014f41   Thumb Code     6  stm32f4xx_tim.o(.text)
    TIM_CounterModeConfig                    0x08014f47   Thumb Code    18  stm32f4xx_tim.o(.text)
    TIM_SetCounter                           0x08014f59   Thumb Code     4  stm32f4xx_tim.o(.text)
    TIM_SetAutoreload                        0x08014f5d   Thumb Code     4  stm32f4xx_tim.o(.text)
    TIM_GetCounter                           0x08014f61   Thumb Code     6  stm32f4xx_tim.o(.text)
    TIM_GetPrescaler                         0x08014f67   Thumb Code     6  stm32f4xx_tim.o(.text)
    TIM_UpdateDisableConfig                  0x08014f6d   Thumb Code    24  stm32f4xx_tim.o(.text)
    TIM_UpdateRequestConfig                  0x08014f85   Thumb Code    24  stm32f4xx_tim.o(.text)
    TIM_ARRPreloadConfig                     0x08014f9d   Thumb Code    24  stm32f4xx_tim.o(.text)
    TIM_SelectOnePulseMode                   0x08014fb5   Thumb Code    18  stm32f4xx_tim.o(.text)
    TIM_SetClockDivision                     0x08014fc7   Thumb Code    18  stm32f4xx_tim.o(.text)
    TIM_Cmd                                  0x08014fd9   Thumb Code    24  stm32f4xx_tim.o(.text)
    TIM_OC1Init                              0x08014ff1   Thumb Code   114  stm32f4xx_tim.o(.text)
    TIM_OC2Init                              0x08015063   Thumb Code   154  stm32f4xx_tim.o(.text)
    TIM_OC3Init                              0x080150fd   Thumb Code   204  stm32f4xx_tim.o(.text)
    TIM_OC4Init                              0x080151c9   Thumb Code   112  stm32f4xx_tim.o(.text)
    TIM_OCStructInit                         0x08015239   Thumb Code    20  stm32f4xx_tim.o(.text)
    TIM_SelectOCxM                           0x0801524d   Thumb Code    86  stm32f4xx_tim.o(.text)
    TIM_SetCompare1                          0x080152a3   Thumb Code     4  stm32f4xx_tim.o(.text)
    TIM_SetCompare2                          0x080152a7   Thumb Code     4  stm32f4xx_tim.o(.text)
    TIM_SetCompare3                          0x080152ab   Thumb Code     4  stm32f4xx_tim.o(.text)
    TIM_SetCompare4                          0x080152af   Thumb Code     4  stm32f4xx_tim.o(.text)
    TIM_ForcedOC1Config                      0x080152b3   Thumb Code    18  stm32f4xx_tim.o(.text)
    TIM_ForcedOC2Config                      0x080152c5   Thumb Code    26  stm32f4xx_tim.o(.text)
    TIM_ForcedOC3Config                      0x080152df   Thumb Code    18  stm32f4xx_tim.o(.text)
    TIM_ForcedOC4Config                      0x080152f1   Thumb Code    26  stm32f4xx_tim.o(.text)
    TIM_OC1PreloadConfig                     0x0801530b   Thumb Code    18  stm32f4xx_tim.o(.text)
    TIM_OC2PreloadConfig                     0x0801531d   Thumb Code    26  stm32f4xx_tim.o(.text)
    TIM_OC3PreloadConfig                     0x08015337   Thumb Code    18  stm32f4xx_tim.o(.text)
    TIM_OC4PreloadConfig                     0x08015349   Thumb Code    26  stm32f4xx_tim.o(.text)
    TIM_OC1FastConfig                        0x08015363   Thumb Code    18  stm32f4xx_tim.o(.text)
    TIM_OC2FastConfig                        0x08015375   Thumb Code    26  stm32f4xx_tim.o(.text)
    TIM_OC3FastConfig                        0x0801538f   Thumb Code    18  stm32f4xx_tim.o(.text)
    TIM_OC4FastConfig                        0x080153a1   Thumb Code    26  stm32f4xx_tim.o(.text)
    TIM_ClearOC1Ref                          0x080153bb   Thumb Code    18  stm32f4xx_tim.o(.text)
    TIM_ClearOC2Ref                          0x080153cd   Thumb Code    24  stm32f4xx_tim.o(.text)
    TIM_ClearOC3Ref                          0x080153e5   Thumb Code    18  stm32f4xx_tim.o(.text)
    TIM_ClearOC4Ref                          0x080153f7   Thumb Code    24  stm32f4xx_tim.o(.text)
    TIM_OC1PolarityConfig                    0x0801540f   Thumb Code    18  stm32f4xx_tim.o(.text)
    TIM_OC1NPolarityConfig                   0x08015421   Thumb Code    18  stm32f4xx_tim.o(.text)
    TIM_OC2PolarityConfig                    0x08015433   Thumb Code    26  stm32f4xx_tim.o(.text)
    TIM_OC2NPolarityConfig                   0x0801544d   Thumb Code    26  stm32f4xx_tim.o(.text)
    TIM_OC3PolarityConfig                    0x08015467   Thumb Code    26  stm32f4xx_tim.o(.text)
    TIM_OC3NPolarityConfig                   0x08015481   Thumb Code    26  stm32f4xx_tim.o(.text)
    TIM_OC4PolarityConfig                    0x0801549b   Thumb Code    26  stm32f4xx_tim.o(.text)
    TIM_CCxCmd                               0x080154b5   Thumb Code    30  stm32f4xx_tim.o(.text)
    TIM_CCxNCmd                              0x080154d3   Thumb Code    30  stm32f4xx_tim.o(.text)
    TIM_SetIC4Prescaler                      0x080154f1   Thumb Code    26  stm32f4xx_tim.o(.text)
    TIM_SetIC3Prescaler                      0x0801555b   Thumb Code    18  stm32f4xx_tim.o(.text)
    TIM_SetIC2Prescaler                      0x080155b5   Thumb Code    26  stm32f4xx_tim.o(.text)
    TIM_SetIC1Prescaler                      0x08015629   Thumb Code    18  stm32f4xx_tim.o(.text)
    TIM_ICInit                               0x08015675   Thumb Code   110  stm32f4xx_tim.o(.text)
    TIM_ICStructInit                         0x080156e3   Thumb Code    18  stm32f4xx_tim.o(.text)
    TIM_PWMIConfig                           0x080156f5   Thumb Code   124  stm32f4xx_tim.o(.text)
    TIM_GetCapture1                          0x08015771   Thumb Code     6  stm32f4xx_tim.o(.text)
    TIM_GetCapture2                          0x08015777   Thumb Code     6  stm32f4xx_tim.o(.text)
    TIM_GetCapture3                          0x0801577d   Thumb Code     6  stm32f4xx_tim.o(.text)
    TIM_GetCapture4                          0x08015783   Thumb Code     6  stm32f4xx_tim.o(.text)
    TIM_BDTRConfig                           0x08015789   Thumb Code    32  stm32f4xx_tim.o(.text)
    TIM_BDTRStructInit                       0x080157a9   Thumb Code    18  stm32f4xx_tim.o(.text)
    TIM_CtrlPWMOutputs                       0x080157bb   Thumb Code    30  stm32f4xx_tim.o(.text)
    TIM_SelectCOM                            0x080157d9   Thumb Code    24  stm32f4xx_tim.o(.text)
    TIM_CCPreloadControl                     0x080157f1   Thumb Code    24  stm32f4xx_tim.o(.text)
    TIM_ITConfig                             0x08015809   Thumb Code    18  stm32f4xx_tim.o(.text)
    TIM_GenerateEvent                        0x0801581b   Thumb Code     4  stm32f4xx_tim.o(.text)
    TIM_GetFlagStatus                        0x0801581f   Thumb Code    18  stm32f4xx_tim.o(.text)
    TIM_ClearFlag                            0x08015831   Thumb Code     6  stm32f4xx_tim.o(.text)
    TIM_GetITStatus                          0x08015837   Thumb Code    34  stm32f4xx_tim.o(.text)
    TIM_ClearITPendingBit                    0x08015859   Thumb Code     6  stm32f4xx_tim.o(.text)
    TIM_DMAConfig                            0x0801585f   Thumb Code    10  stm32f4xx_tim.o(.text)
    TIM_DMACmd                               0x08015869   Thumb Code    18  stm32f4xx_tim.o(.text)
    TIM_SelectCCDMA                          0x0801587b   Thumb Code    24  stm32f4xx_tim.o(.text)
    TIM_InternalClockConfig                  0x08015893   Thumb Code    12  stm32f4xx_tim.o(.text)
    TIM_SelectInputTrigger                   0x0801589f   Thumb Code    18  stm32f4xx_tim.o(.text)
    TIM_ITRxExternalClockConfig              0x080158b1   Thumb Code    24  stm32f4xx_tim.o(.text)
    TIM_TIxExternalClockConfig               0x080158c9   Thumb Code    62  stm32f4xx_tim.o(.text)
    TIM_ETRConfig                            0x08015907   Thumb Code    28  stm32f4xx_tim.o(.text)
    TIM_ETRClockMode1Config                  0x08015923   Thumb Code    54  stm32f4xx_tim.o(.text)
    TIM_ETRClockMode2Config                  0x08015959   Thumb Code    32  stm32f4xx_tim.o(.text)
    TIM_SelectOutputTrigger                  0x08015979   Thumb Code    18  stm32f4xx_tim.o(.text)
    TIM_SelectSlaveMode                      0x0801598b   Thumb Code    18  stm32f4xx_tim.o(.text)
    TIM_SelectMasterSlaveMode                0x0801599d   Thumb Code    18  stm32f4xx_tim.o(.text)
    TIM_EncoderInterfaceConfig               0x080159af   Thumb Code    66  stm32f4xx_tim.o(.text)
    TIM_SelectHallSensor                     0x080159f1   Thumb Code    24  stm32f4xx_tim.o(.text)
    TIM_RemapConfig                          0x08015a09   Thumb Code     6  stm32f4xx_tim.o(.text)
    RCC_DeInit                               0x08015a11   Thumb Code    82  stm32f4xx_rcc.o(.text)
    RCC_HSEConfig                            0x08015a63   Thumb Code    14  stm32f4xx_rcc.o(.text)
    RCC_GetFlagStatus                        0x08015a71   Thumb Code    60  stm32f4xx_rcc.o(.text)
    RCC_WaitForHSEStartUp                    0x08015aad   Thumb Code    56  stm32f4xx_rcc.o(.text)
    RCC_AdjustHSICalibrationValue            0x08015ae5   Thumb Code    20  stm32f4xx_rcc.o(.text)
    RCC_HSICmd                               0x08015af9   Thumb Code     6  stm32f4xx_rcc.o(.text)
    RCC_LSEConfig                            0x08015aff   Thumb Code    46  stm32f4xx_rcc.o(.text)
    RCC_LSICmd                               0x08015b2d   Thumb Code     6  stm32f4xx_rcc.o(.text)
    RCC_PLLConfig                            0x08015b33   Thumb Code    32  stm32f4xx_rcc.o(.text)
    RCC_PLLCmd                               0x08015b53   Thumb Code     6  stm32f4xx_rcc.o(.text)
    RCC_PLLI2SConfig                         0x08015b59   Thumb Code    14  stm32f4xx_rcc.o(.text)
    RCC_PLLI2SCmd                            0x08015b67   Thumb Code     6  stm32f4xx_rcc.o(.text)
    RCC_PLLSAIConfig                         0x08015b6d   Thumb Code    20  stm32f4xx_rcc.o(.text)
    RCC_PLLSAICmd                            0x08015b81   Thumb Code     6  stm32f4xx_rcc.o(.text)
    RCC_ClockSecuritySystemCmd               0x08015b87   Thumb Code     6  stm32f4xx_rcc.o(.text)
    RCC_MCO1Config                           0x08015b8d   Thumb Code    28  stm32f4xx_rcc.o(.text)
    RCC_MCO2Config                           0x08015ba9   Thumb Code    28  stm32f4xx_rcc.o(.text)
    RCC_SYSCLKConfig                         0x08015bc5   Thumb Code    20  stm32f4xx_rcc.o(.text)
    RCC_GetSYSCLKSource                      0x08015bd9   Thumb Code    12  stm32f4xx_rcc.o(.text)
    RCC_HCLKConfig                           0x08015be5   Thumb Code    20  stm32f4xx_rcc.o(.text)
    RCC_PCLK1Config                          0x08015bf9   Thumb Code    20  stm32f4xx_rcc.o(.text)
    RCC_PCLK2Config                          0x08015c0d   Thumb Code    22  stm32f4xx_rcc.o(.text)
    RCC_GetClocksFreq                        0x08015c23   Thumb Code   222  stm32f4xx_rcc.o(.text)
    RCC_RTCCLKConfig                         0x08015d01   Thumb Code    54  stm32f4xx_rcc.o(.text)
    RCC_RTCCLKCmd                            0x08015d37   Thumb Code     8  stm32f4xx_rcc.o(.text)
    RCC_BackupResetCmd                       0x08015d3f   Thumb Code     8  stm32f4xx_rcc.o(.text)
    RCC_I2SCLKConfig                         0x08015d47   Thumb Code     6  stm32f4xx_rcc.o(.text)
    RCC_SAIPLLI2SClkDivConfig                0x08015d4d   Thumb Code    26  stm32f4xx_rcc.o(.text)
    RCC_SAIPLLSAIClkDivConfig                0x08015d67   Thumb Code    28  stm32f4xx_rcc.o(.text)
    RCC_SAIBlockACLKConfig                   0x08015d83   Thumb Code    20  stm32f4xx_rcc.o(.text)
    RCC_SAIBlockBCLKConfig                   0x08015d97   Thumb Code    20  stm32f4xx_rcc.o(.text)
    RCC_LTDCCLKDivConfig                     0x08015dab   Thumb Code    20  stm32f4xx_rcc.o(.text)
    RCC_TIMCLKPresConfig                     0x08015dbf   Thumb Code     6  stm32f4xx_rcc.o(.text)
    RCC_AHB1PeriphClockCmd                   0x08015dc5   Thumb Code    34  stm32f4xx_rcc.o(.text)
    RCC_AHB2PeriphClockCmd                   0x08015de7   Thumb Code    78  stm32f4xx_rcc.o(.text)
    RCC_AHB3PeriphClockCmd                   0x08015e35   Thumb Code    34  stm32f4xx_rcc.o(.text)
    RCC_APB1PeriphClockCmd                   0x08015e57   Thumb Code    34  stm32f4xx_rcc.o(.text)
    RCC_APB2PeriphClockCmd                   0x08015e79   Thumb Code    34  stm32f4xx_rcc.o(.text)
    RCC_AHB1PeriphResetCmd                   0x08015e9b   Thumb Code    34  stm32f4xx_rcc.o(.text)
    RCC_AHB2PeriphResetCmd                   0x08015ebd   Thumb Code    34  stm32f4xx_rcc.o(.text)
    RCC_AHB3PeriphResetCmd                   0x08015edf   Thumb Code    34  stm32f4xx_rcc.o(.text)
    RCC_APB1PeriphResetCmd                   0x08015f01   Thumb Code    34  stm32f4xx_rcc.o(.text)
    RCC_APB2PeriphResetCmd                   0x08015f23   Thumb Code    34  stm32f4xx_rcc.o(.text)
    RCC_AHB1PeriphClockLPModeCmd             0x08015f45   Thumb Code    34  stm32f4xx_rcc.o(.text)
    RCC_AHB2PeriphClockLPModeCmd             0x08015f67   Thumb Code    34  stm32f4xx_rcc.o(.text)
    RCC_AHB3PeriphClockLPModeCmd             0x08015f89   Thumb Code    34  stm32f4xx_rcc.o(.text)
    RCC_APB1PeriphClockLPModeCmd             0x08015fab   Thumb Code    34  stm32f4xx_rcc.o(.text)
    RCC_APB2PeriphClockLPModeCmd             0x08015fcd   Thumb Code    34  stm32f4xx_rcc.o(.text)
    RCC_LSEModeConfig                        0x08015fef   Thumb Code    40  stm32f4xx_rcc.o(.text)
    RCC_ITConfig                             0x08016017   Thumb Code    34  stm32f4xx_rcc.o(.text)
    RCC_ClearFlag                            0x08016039   Thumb Code    18  stm32f4xx_rcc.o(.text)
    RCC_GetITStatus                          0x0801604b   Thumb Code    22  stm32f4xx_rcc.o(.text)
    RCC_ClearITPendingBit                    0x08016061   Thumb Code     8  stm32f4xx_rcc.o(.text)
    ADC_DeInit                               0x0801606d   Thumb Code    22  stm32f4xx_adc.o(.text)
    ADC_Init                                 0x08016083   Thumb Code    74  stm32f4xx_adc.o(.text)
    ADC_StructInit                           0x080160cd   Thumb Code    20  stm32f4xx_adc.o(.text)
    ADC_CommonInit                           0x080160e1   Thumb Code    34  stm32f4xx_adc.o(.text)
    ADC_CommonStructInit                     0x08016103   Thumb Code    12  stm32f4xx_adc.o(.text)
    ADC_Cmd                                  0x0801610f   Thumb Code    22  stm32f4xx_adc.o(.text)
    ADC_AnalogWatchdogCmd                    0x08016125   Thumb Code    16  stm32f4xx_adc.o(.text)
    ADC_AnalogWatchdogThresholdsConfig       0x08016135   Thumb Code     6  stm32f4xx_adc.o(.text)
    ADC_AnalogWatchdogSingleChannelConfig    0x0801613b   Thumb Code    16  stm32f4xx_adc.o(.text)
    ADC_TempSensorVrefintCmd                 0x0801614b   Thumb Code    34  stm32f4xx_adc.o(.text)
    ADC_VBATCmd                              0x0801616d   Thumb Code    34  stm32f4xx_adc.o(.text)
    ADC_RegularChannelConfig                 0x0801618f   Thumb Code   184  stm32f4xx_adc.o(.text)
    ADC_SoftwareStartConv                    0x08016247   Thumb Code    10  stm32f4xx_adc.o(.text)
    ADC_GetSoftwareStartConvStatus           0x08016251   Thumb Code    20  stm32f4xx_adc.o(.text)
    ADC_EOCOnEachRegularChannelCmd           0x08016265   Thumb Code    22  stm32f4xx_adc.o(.text)
    ADC_ContinuousModeCmd                    0x0801627b   Thumb Code    22  stm32f4xx_adc.o(.text)
    ADC_DiscModeChannelCountConfig           0x08016291   Thumb Code    24  stm32f4xx_adc.o(.text)
    ADC_DiscModeCmd                          0x080162a9   Thumb Code    22  stm32f4xx_adc.o(.text)
    ADC_GetConversionValue                   0x080162bf   Thumb Code     8  stm32f4xx_adc.o(.text)
    ADC_GetMultiModeConversionValue          0x080162c7   Thumb Code     8  stm32f4xx_adc.o(.text)
    ADC_DMACmd                               0x080162cf   Thumb Code    22  stm32f4xx_adc.o(.text)
    ADC_DMARequestAfterLastTransferCmd       0x080162e5   Thumb Code    22  stm32f4xx_adc.o(.text)
    ADC_MultiModeDMARequestAfterLastTransferCmd 0x080162fb   Thumb Code    34  stm32f4xx_adc.o(.text)
    ADC_InjectedChannelConfig                0x0801631d   Thumb Code   130  stm32f4xx_adc.o(.text)
    ADC_InjectedSequencerLengthConfig        0x0801639f   Thumb Code    24  stm32f4xx_adc.o(.text)
    ADC_SetInjectedOffset                    0x080163b7   Thumb Code    20  stm32f4xx_adc.o(.text)
    ADC_ExternalTrigInjectedConvConfig       0x080163cb   Thumb Code    16  stm32f4xx_adc.o(.text)
    ADC_ExternalTrigInjectedConvEdgeConfig   0x080163db   Thumb Code    16  stm32f4xx_adc.o(.text)
    ADC_SoftwareStartInjectedConv            0x080163eb   Thumb Code    10  stm32f4xx_adc.o(.text)
    ADC_GetSoftwareStartInjectedConvCmdStatus 0x080163f5   Thumb Code    20  stm32f4xx_adc.o(.text)
    ADC_AutoInjectedConvCmd                  0x08016409   Thumb Code    22  stm32f4xx_adc.o(.text)
    ADC_InjectedDiscModeCmd                  0x0801641f   Thumb Code    22  stm32f4xx_adc.o(.text)
    ADC_GetInjectedConversionValue           0x08016435   Thumb Code    28  stm32f4xx_adc.o(.text)
    ADC_ITConfig                             0x08016451   Thumb Code    56  stm32f4xx_adc.o(.text)
    ADC_GetFlagStatus                        0x08016489   Thumb Code    18  stm32f4xx_adc.o(.text)
    ADC_ClearFlag                            0x0801649b   Thumb Code     6  stm32f4xx_adc.o(.text)
    ADC_GetITStatus                          0x080164a1   Thumb Code    38  stm32f4xx_adc.o(.text)
    ADC_ClearITPendingBit                    0x080164c7   Thumb Code    10  stm32f4xx_adc.o(.text)
    DMA_DeInit                               0x080164d1   Thumb Code   324  stm32f4xx_dma.o(.text)
    DMA_Init                                 0x08016615   Thumb Code    82  stm32f4xx_dma.o(.text)
    DMA_StructInit                           0x08016667   Thumb Code    34  stm32f4xx_dma.o(.text)
    DMA_Cmd                                  0x08016689   Thumb Code    22  stm32f4xx_dma.o(.text)
    DMA_PeriphIncOffsetSizeConfig            0x0801669f   Thumb Code    22  stm32f4xx_dma.o(.text)
    DMA_FlowControllerConfig                 0x080166b5   Thumb Code    22  stm32f4xx_dma.o(.text)
    DMA_SetCurrDataCounter                   0x080166cb   Thumb Code     4  stm32f4xx_dma.o(.text)
    DMA_GetCurrDataCounter                   0x080166cf   Thumb Code     8  stm32f4xx_dma.o(.text)
    DMA_DoubleBufferModeConfig               0x080166d7   Thumb Code    24  stm32f4xx_dma.o(.text)
    DMA_DoubleBufferModeCmd                  0x080166ef   Thumb Code    22  stm32f4xx_dma.o(.text)
    DMA_MemoryTargetConfig                   0x08016705   Thumb Code    10  stm32f4xx_dma.o(.text)
    DMA_GetCurrentMemoryTarget               0x0801670f   Thumb Code    20  stm32f4xx_dma.o(.text)
    DMA_GetCmdStatus                         0x08016723   Thumb Code    20  stm32f4xx_dma.o(.text)
    DMA_GetFIFOStatus                        0x08016737   Thumb Code    12  stm32f4xx_dma.o(.text)
    DMA_GetFlagStatus                        0x08016743   Thumb Code    56  stm32f4xx_dma.o(.text)
    DMA_ClearFlag                            0x0801677b   Thumb Code    40  stm32f4xx_dma.o(.text)
    DMA_ITConfig                             0x080167a3   Thumb Code    58  stm32f4xx_dma.o(.text)
    DMA_GetITStatus                          0x080167dd   Thumb Code    84  stm32f4xx_dma.o(.text)
    DMA_ClearITPendingBit                    0x08016831   Thumb Code    40  stm32f4xx_dma.o(.text)
    USART_DeInit                             0x08016879   Thumb Code   206  stm32f4xx_usart.o(.text)
    USART_Init                               0x08016947   Thumb Code   204  stm32f4xx_usart.o(.text)
    USART_StructInit                         0x08016a13   Thumb Code    24  stm32f4xx_usart.o(.text)
    USART_ClockInit                          0x08016a2b   Thumb Code    32  stm32f4xx_usart.o(.text)
    USART_ClockStructInit                    0x08016a4b   Thumb Code    12  stm32f4xx_usart.o(.text)
    USART_Cmd                                0x08016a57   Thumb Code    24  stm32f4xx_usart.o(.text)
    USART_SetPrescaler                       0x08016a6f   Thumb Code    16  stm32f4xx_usart.o(.text)
    USART_OverSampling8Cmd                   0x08016a7f   Thumb Code    22  stm32f4xx_usart.o(.text)
    USART_OneBitMethodCmd                    0x08016a95   Thumb Code    24  stm32f4xx_usart.o(.text)
    USART_SendData                           0x08016aad   Thumb Code     8  stm32f4xx_usart.o(.text)
    USART_ReceiveData                        0x08016ab5   Thumb Code    10  stm32f4xx_usart.o(.text)
    USART_SetAddress                         0x08016abf   Thumb Code    18  stm32f4xx_usart.o(.text)
    USART_ReceiverWakeUpCmd                  0x08016ad1   Thumb Code    24  stm32f4xx_usart.o(.text)
    USART_WakeUpConfig                       0x08016ae9   Thumb Code    18  stm32f4xx_usart.o(.text)
    USART_LINBreakDetectLengthConfig         0x08016afb   Thumb Code    18  stm32f4xx_usart.o(.text)
    USART_LINCmd                             0x08016b0d   Thumb Code    24  stm32f4xx_usart.o(.text)
    USART_SendBreak                          0x08016b25   Thumb Code    10  stm32f4xx_usart.o(.text)
    USART_HalfDuplexCmd                      0x08016b2f   Thumb Code    24  stm32f4xx_usart.o(.text)
    USART_SetGuardTime                       0x08016b47   Thumb Code    16  stm32f4xx_usart.o(.text)
    USART_SmartCardCmd                       0x08016b57   Thumb Code    24  stm32f4xx_usart.o(.text)
    USART_SmartCardNACKCmd                   0x08016b6f   Thumb Code    24  stm32f4xx_usart.o(.text)
    USART_IrDAConfig                         0x08016b87   Thumb Code    18  stm32f4xx_usart.o(.text)
    USART_IrDACmd                            0x08016b99   Thumb Code    24  stm32f4xx_usart.o(.text)
    USART_DMACmd                             0x08016bb1   Thumb Code    18  stm32f4xx_usart.o(.text)
    USART_ITConfig                           0x08016bc3   Thumb Code    74  stm32f4xx_usart.o(.text)
    USART_GetFlagStatus                      0x08016c0d   Thumb Code    26  stm32f4xx_usart.o(.text)
    USART_ClearFlag                          0x08016c27   Thumb Code    18  stm32f4xx_usart.o(.text)
    USART_GetITStatus                        0x08016c39   Thumb Code   118  stm32f4xx_usart.o(.text)
    USART_ClearITPendingBit                  0x08016caf   Thumb Code    30  stm32f4xx_usart.o(.text)
    SPI_I2S_DeInit                           0x08016ccd   Thumb Code   152  stm32f4xx_spi.o(.text)
    SPI_Init                                 0x08016d65   Thumb Code    60  stm32f4xx_spi.o(.text)
    I2S_Init                                 0x08016da1   Thumb Code   396  stm32f4xx_spi.o(.text)
    SPI_StructInit                           0x08016f2d   Thumb Code    24  stm32f4xx_spi.o(.text)
    I2S_StructInit                           0x08016f45   Thumb Code    20  stm32f4xx_spi.o(.text)
    SPI_Cmd                                  0x08016f59   Thumb Code    24  stm32f4xx_spi.o(.text)
    I2S_Cmd                                  0x08016f71   Thumb Code    24  stm32f4xx_spi.o(.text)
    SPI_DataSizeConfig                       0x08016f89   Thumb Code    18  stm32f4xx_spi.o(.text)
    SPI_BiDirectionalLineConfig              0x08016f9b   Thumb Code    28  stm32f4xx_spi.o(.text)
    SPI_NSSInternalSoftwareConfig            0x08016fb7   Thumb Code    30  stm32f4xx_spi.o(.text)
    SPI_SSOutputCmd                          0x08016fd5   Thumb Code    24  stm32f4xx_spi.o(.text)
    SPI_TIModeCmd                            0x08016fed   Thumb Code    24  stm32f4xx_spi.o(.text)
    I2S_FullDuplexConfig                     0x08017005   Thumb Code    80  stm32f4xx_spi.o(.text)
    SPI_I2S_ReceiveData                      0x08017055   Thumb Code     6  stm32f4xx_spi.o(.text)
    SPI_I2S_SendData                         0x0801705b   Thumb Code     4  stm32f4xx_spi.o(.text)
    SPI_CalculateCRC                         0x0801705f   Thumb Code    24  stm32f4xx_spi.o(.text)
    SPI_TransmitCRC                          0x08017077   Thumb Code    10  stm32f4xx_spi.o(.text)
    SPI_GetCRC                               0x08017081   Thumb Code    16  stm32f4xx_spi.o(.text)
    SPI_GetCRCPolynomial                     0x08017091   Thumb Code     6  stm32f4xx_spi.o(.text)
    SPI_I2S_DMACmd                           0x08017097   Thumb Code    18  stm32f4xx_spi.o(.text)
    SPI_I2S_ITConfig                         0x080170a9   Thumb Code    68  stm32f4xx_spi.o(.text)
    SPI_I2S_GetFlagStatus                    0x080170ed   Thumb Code    18  stm32f4xx_spi.o(.text)
    SPI_I2S_ClearFlag                        0x080170ff   Thumb Code     6  stm32f4xx_spi.o(.text)
    SPI_I2S_GetITStatus                      0x08017105   Thumb Code    52  stm32f4xx_spi.o(.text)
    SPI_I2S_ClearITPendingBit                0x08017139   Thumb Code    20  stm32f4xx_spi.o(.text)
    GPIO_group_OUT                           0x0801714d   Thumb Code   454  common.o(.text)
    GPIO_bits_OUT                            0x08017313   Thumb Code    92  common.o(.text)
    delay_init                               0x0801736f   Thumb Code    42  common.o(.text)
    delay_us                                 0x08017399   Thumb Code    72  common.o(.text)
    delay_xms                                0x080173e1   Thumb Code    72  common.o(.text)
    delay_ms                                 0x08017429   Thumb Code    56  common.o(.text)
    __aeabi_ldivmod                          0x08017469   Thumb Code    98  ldiv.o(.text)
    __aeabi_memset                           0x080174cb   Thumb Code    14  memseta.o(.text)
    __aeabi_memset4                          0x080174cb   Thumb Code     0  memseta.o(.text)
    __aeabi_memset8                          0x080174cb   Thumb Code     0  memseta.o(.text)
    __aeabi_memclr                           0x080174d9   Thumb Code     4  memseta.o(.text)
    __aeabi_memclr4                          0x080174d9   Thumb Code     0  memseta.o(.text)
    __aeabi_memclr8                          0x080174d9   Thumb Code     0  memseta.o(.text)
    _memset$wrapper                          0x080174dd   Thumb Code    18  memseta.o(.text)
    memcmp                                   0x080174ef   Thumb Code    26  memcmp.o(.text)
    __aeabi_dadd                             0x08017509   Thumb Code   322  dadd.o(.text)
    __aeabi_dsub                             0x0801764b   Thumb Code     6  dadd.o(.text)
    __aeabi_drsub                            0x08017651   Thumb Code     6  dadd.o(.text)
    __aeabi_dmul                             0x08017657   Thumb Code   228  dmul.o(.text)
    __aeabi_ddiv                             0x0801773b   Thumb Code   222  ddiv.o(.text)
    __aeabi_i2d                              0x08017819   Thumb Code    34  dflti.o(.text)
    __aeabi_ui2d                             0x0801783b   Thumb Code    26  dfltui.o(.text)
    __aeabi_d2iz                             0x08017855   Thumb Code    62  dfixi.o(.text)
    __aeabi_d2uiz                            0x08017893   Thumb Code    50  dfixui.o(.text)
    __aeabi_f2d                              0x080178c5   Thumb Code    38  f2d.o(.text)
    __aeabi_cdcmpeq                          0x080178ed   Thumb Code     0  cdcmple.o(.text)
    __aeabi_cdcmple                          0x080178ed   Thumb Code    48  cdcmple.o(.text)
    __aeabi_cdrcmple                         0x0801791d   Thumb Code    48  cdrcmple.o(.text)
    __aeabi_d2f                              0x0801794d   Thumb Code    56  d2f.o(.text)
    __aeabi_uidiv                            0x08017985   Thumb Code     0  uidiv.o(.text)
    __aeabi_uidivmod                         0x08017985   Thumb Code    44  uidiv.o(.text)
    __aeabi_uldivmod                         0x080179b1   Thumb Code    98  uldiv.o(.text)
    __aeabi_llsl                             0x08017a13   Thumb Code    30  llshl.o(.text)
    _ll_shift_l                              0x08017a13   Thumb Code     0  llshl.o(.text)
    __aeabi_llsr                             0x08017a31   Thumb Code    32  llushr.o(.text)
    _ll_ushift_r                             0x08017a31   Thumb Code     0  llushr.o(.text)
    __aeabi_lasr                             0x08017a51   Thumb Code    36  llsshr.o(.text)
    _ll_sshift_r                             0x08017a51   Thumb Code     0  llsshr.o(.text)
    __I$use$fp                               0x08017a75   Thumb Code     0  iusefp.o(.text)
    _float_round                             0x08017a75   Thumb Code    18  fepilogue.o(.text)
    _float_epilogue                          0x08017a87   Thumb Code    92  fepilogue.o(.text)
    _double_round                            0x08017ae3   Thumb Code    30  depilogue.o(.text)
    _double_epilogue                         0x08017b01   Thumb Code   156  depilogue.o(.text)
    __ARM_scalbn                             0x08017b9d   Thumb Code    46  dscalb.o(.text)
    scalbn                                   0x08017b9d   Thumb Code     0  dscalb.o(.text)
    _dsqrt                                   0x08017bcb   Thumb Code   162  dsqrt.o(.text)
    __aeabi_d2ulz                            0x08017c6d   Thumb Code    48  dfixul.o(.text)
    __scatterload                            0x08017c9d   Thumb Code    28  init.o(.text)
    __scatterload_rt2                        0x08017c9d   Thumb Code     0  init.o(.text)
    __decompress                             0x08017cc1   Thumb Code     0  __dczerorl2.o(.text)
    __decompress1                            0x08017cc1   Thumb Code    86  __dczerorl2.o(.text)
    __0printf                                0x08017d19   Thumb Code    22  printfa.o(i.__0printf)
    __1printf                                0x08017d19   Thumb Code     0  printfa.o(i.__0printf)
    __2printf                                0x08017d19   Thumb Code     0  printfa.o(i.__0printf)
    __c89printf                              0x08017d19   Thumb Code     0  printfa.o(i.__0printf)
    printf                                   0x08017d19   Thumb Code     0  printfa.o(i.__0printf)
    __0snprintf                              0x08017d39   Thumb Code    44  printfa.o(i.__0snprintf)
    __1snprintf                              0x08017d39   Thumb Code     0  printfa.o(i.__0snprintf)
    __2snprintf                              0x08017d39   Thumb Code     0  printfa.o(i.__0snprintf)
    __c89snprintf                            0x08017d39   Thumb Code     0  printfa.o(i.__0snprintf)
    snprintf                                 0x08017d39   Thumb Code     0  printfa.o(i.__0snprintf)
    __ARM_fpclassify                         0x08017d69   Thumb Code    48  fpclassify.o(i.__ARM_fpclassify)
    __hardfp_acos                            0x08017d99   Thumb Code   738  acos.o(i.__hardfp_acos)
    __hardfp_asin                            0x080180f1   Thumb Code   770  asin.o(i.__hardfp_asin)
    __hardfp_atan                            0x08018451   Thumb Code   622  atan.o(i.__hardfp_atan)
    __hardfp_atan2                           0x08018729   Thumb Code   432  atan2.o(i.__hardfp_atan2)
    __hardfp_cos                             0x08018919   Thumb Code   180  cos.o(i.__hardfp_cos)
    __hardfp_pow                             0x080189e1   Thumb Code  3072  pow.o(i.__hardfp_pow)
    __hardfp_sin                             0x08019631   Thumb Code   180  sin.o(i.__hardfp_sin)
    __hardfp_sqrt                            0x080196f9   Thumb Code   122  sqrt.o(i.__hardfp_sqrt)
    __ieee754_rem_pio2                       0x08019779   Thumb Code   938  rred.o(i.__ieee754_rem_pio2)
    __kernel_cos                             0x08019bb1   Thumb Code   322  cos_i.o(i.__kernel_cos)
    __kernel_poly                            0x08019d21   Thumb Code   248  poly.o(i.__kernel_poly)
    __kernel_sin                             0x08019e19   Thumb Code   280  sin_i.o(i.__kernel_sin)
    __mathlib_dbl_divzero                    0x08019f49   Thumb Code    28  dunder.o(i.__mathlib_dbl_divzero)
    __mathlib_dbl_infnan                     0x08019f79   Thumb Code    20  dunder.o(i.__mathlib_dbl_infnan)
    __mathlib_dbl_infnan2                    0x08019f8d   Thumb Code    20  dunder.o(i.__mathlib_dbl_infnan2)
    __mathlib_dbl_invalid                    0x08019fa1   Thumb Code    24  dunder.o(i.__mathlib_dbl_invalid)
    __mathlib_dbl_overflow                   0x08019fc1   Thumb Code    24  dunder.o(i.__mathlib_dbl_overflow)
    __mathlib_dbl_underflow                  0x08019fe1   Thumb Code    24  dunder.o(i.__mathlib_dbl_underflow)
    __scatterload_copy                       0x0801a001   Thumb Code    14  handlers.o(i.__scatterload_copy)
    __scatterload_null                       0x0801a00f   Thumb Code     2  handlers.o(i.__scatterload_null)
    __scatterload_zeroinit                   0x0801a011   Thumb Code    14  handlers.o(i.__scatterload_zeroinit)
    __set_errno                              0x0801a021   Thumb Code     6  errno.o(i.__set_errno)
    atan                                     0x0801a8f5   Thumb Code    16  atan.o(i.atan)
    fabs                                     0x0801a905   Thumb Code    24  fabs.o(i.fabs)
    sqrt                                     0x0801a91d   Thumb Code   110  sqrt.o(i.sqrt)
    F6x8                                     0x0801a98a   Data         552  oled.o(.constdata)
    F8X16                                    0x0801abb2   Data        1520  oled.o(.constdata)
    reg                                      0x0801b1a4   Data          27  inv_mpu.o(.constdata)
    hw                                       0x0801b1c0   Data          12  inv_mpu.o(.constdata)
    test                                     0x0801b1cc   Data          40  inv_mpu.o(.constdata)
    __mathlib_zero                           0x0801bfe0   Data           8  qnan.o(.constdata)
    Region$$Table$$Base                      0x0801c1b0   Number         0  anon$$obj.o(Region$$Table)
    Region$$Table$$Limit                     0x0801c1d0   Number         0  anon$$obj.o(Region$$Table)
    BatteryVoltage                           0x20000000   Data           8  main.o(.data)
    SystemCoreClock                          0x20000010   Data           4  system_stm32f4xx.o(.data)
    AHBPrescTable                            0x20000014   Data          16  system_stm32f4xx.o(.data)
    RxBuffer                                 0x20000028   Data           1  bluetooth.o(.data)
    pitch                                    0x20000064   Data           4  mpu6050.o(.data)
    roll                                     0x20000068   Data           4  mpu6050.o(.data)
    yaw                                      0x2000006c   Data           4  mpu6050.o(.data)
    USART_RX_STA                             0x20000070   Data           2  usart.o(.data)
    __stdout                                 0x20000074   Data           4  usart.o(.data)
    UPBoxLockFlag                            0x20000088   Data           1  robotcontrol.o(.data)
    ServoPwmData                             0x200000ae   Data          64  robotcontrol.o(.data)
    SpeechReturnData                         0x20000190   Data           1  speech.o(.data)
    ServoAngleReadData                       0x200001b8   Data         384  servo.o(.bss)
    SPI1_TX_Buff                             0x20000344   Data          20  oled.o(.bss)
    TxBuffer                                 0x20000358   Data          10  bluetooth.o(.bss)
    USART_RX_BUF                             0x20000374   Data         200  usart.o(.bss)
    __initial_sp                             0x20000aa8   Data           0  startup_stm32f40_41xxx.o(STACK)



==============================================================================

Memory Map of the image

  Image Entry point : 0x08000189

  Load Region LR_IROM1 (Base: 0x08000000, Size: 0x0001c37c, Max: 0x00080000, ABSOLUTE, COMPRESSED[0x0001c224])

    Execution Region ER_IROM1 (Base: 0x08000000, Size: 0x0001c1d0, Max: 0x00080000, ABSOLUTE)

    Base Addr    Size         Type   Attr      Idx    E Section Name        Object

    0x08000000   0x00000188   Data   RO          211    RESET               startup_stm32f40_41xxx.o
    0x08000188   0x00000000   Code   RO          951  * .ARM.Collect$$$$00000000  mc_w.l(entry.o)
    0x08000188   0x00000004   Code   RO         1284    .ARM.Collect$$$$00000001  mc_w.l(entry2.o)
    0x0800018c   0x00000004   Code   RO         1287    .ARM.Collect$$$$00000004  mc_w.l(entry5.o)
    0x08000190   0x00000000   Code   RO         1289    .ARM.Collect$$$$00000008  mc_w.l(entry7b.o)
    0x08000190   0x00000000   Code   RO         1291    .ARM.Collect$$$$0000000A  mc_w.l(entry8b.o)
    0x08000190   0x00000008   Code   RO         1292    .ARM.Collect$$$$0000000B  mc_w.l(entry9a.o)
    0x08000198   0x00000000   Code   RO         1294    .ARM.Collect$$$$0000000D  mc_w.l(entry10a.o)
    0x08000198   0x00000000   Code   RO         1296    .ARM.Collect$$$$0000000F  mc_w.l(entry11a.o)
    0x08000198   0x00000004   Code   RO         1285    .ARM.Collect$$$$00002712  mc_w.l(entry2.o)
    0x0800019c   0x00000218   Code   RO            3    .text               main.o
    0x080003b4   0x0000001a   Code   RO          188    .text               stm32f4xx_it.o
    0x080003ce   0x00000002   PAD
    0x080003d0   0x00000024   Code   RO          212    .text               startup_stm32f40_41xxx.o
    0x080003f4   0x00000210   Code   RO          218    .text               system_stm32f4xx.o
    0x08000604   0x00000588   Code   RO          244    .text               servo.o
    0x08000b8c   0x0000083c   Code   RO          281    .text               oled.o
    0x080013c8   0x00000250   Code   RO          308    .text               bluetooth.o
    0x08001618   0x00000158   Code   RO          335    .text               rgbled.o
    0x08001770   0x000022c0   Code   RO          358    .text               inv_mpu.o
    0x08003a30   0x00000d90   Code   RO          406    .text               inv_mpu_dmp_motion_driver.o
    0x080047c0   0x000003c0   Code   RO          435    .text               mpu6050.o
    0x08004b80   0x00000258   Code   RO          461    .text               analogiic.o
    0x08004dd8   0x000000e4   Code   RO          484    .text               beep.o
    0x08004ebc   0x00000180   Code   RO          507    .text               usart.o
    0x0800503c   0x00000218   Code   RO          538    .text               adc.o
    0x08005254   0x0000f568   Code   RO          564    .text               robotcontrol.o
    0x080147bc   0x0000023c   Code   RO          591    .text               speech.o
    0x080149f8   0x000000e0   Code   RO          618    .text               misc.o
    0x08014ad8   0x00000294   Code   RO          638    .text               stm32f4xx_gpio.o
    0x08014d6c   0x00000ca2   Code   RO          658    .text               stm32f4xx_tim.o
    0x08015a0e   0x00000002   PAD
    0x08015a10   0x0000065c   Code   RO          678    .text               stm32f4xx_rcc.o
    0x0801606c   0x00000464   Code   RO          723    .text               stm32f4xx_adc.o
    0x080164d0   0x000003a8   Code   RO          743    .text               stm32f4xx_dma.o
    0x08016878   0x00000454   Code   RO          763    .text               stm32f4xx_usart.o
    0x08016ccc   0x00000480   Code   RO          803    .text               stm32f4xx_spi.o
    0x0801714c   0x0000031c   Code   RO          824    .text               common.o
    0x08017468   0x00000062   Code   RO          954    .text               mc_w.l(ldiv.o)
    0x080174ca   0x00000024   Code   RO          956    .text               mc_w.l(memseta.o)
    0x080174ee   0x0000001a   Code   RO          958    .text               mc_w.l(memcmp.o)
    0x08017508   0x0000014e   Code   RO         1221    .text               mf_w.l(dadd.o)
    0x08017656   0x000000e4   Code   RO         1223    .text               mf_w.l(dmul.o)
    0x0801773a   0x000000de   Code   RO         1225    .text               mf_w.l(ddiv.o)
    0x08017818   0x00000022   Code   RO         1229    .text               mf_w.l(dflti.o)
    0x0801783a   0x0000001a   Code   RO         1231    .text               mf_w.l(dfltui.o)
    0x08017854   0x0000003e   Code   RO         1233    .text               mf_w.l(dfixi.o)
    0x08017892   0x00000032   Code   RO         1235    .text               mf_w.l(dfixui.o)
    0x080178c4   0x00000026   Code   RO         1237    .text               mf_w.l(f2d.o)
    0x080178ea   0x00000002   PAD
    0x080178ec   0x00000030   Code   RO         1239    .text               mf_w.l(cdcmple.o)
    0x0801791c   0x00000030   Code   RO         1241    .text               mf_w.l(cdrcmple.o)
    0x0801794c   0x00000038   Code   RO         1243    .text               mf_w.l(d2f.o)
    0x08017984   0x0000002c   Code   RO         1298    .text               mc_w.l(uidiv.o)
    0x080179b0   0x00000062   Code   RO         1300    .text               mc_w.l(uldiv.o)
    0x08017a12   0x0000001e   Code   RO         1302    .text               mc_w.l(llshl.o)
    0x08017a30   0x00000020   Code   RO         1304    .text               mc_w.l(llushr.o)
    0x08017a50   0x00000024   Code   RO         1306    .text               mc_w.l(llsshr.o)
    0x08017a74   0x00000000   Code   RO         1315    .text               mc_w.l(iusefp.o)
    0x08017a74   0x0000006e   Code   RO         1316    .text               mf_w.l(fepilogue.o)
    0x08017ae2   0x000000ba   Code   RO         1318    .text               mf_w.l(depilogue.o)
    0x08017b9c   0x0000002e   Code   RO         1320    .text               mf_w.l(dscalb.o)
    0x08017bca   0x000000a2   Code   RO         1322    .text               mf_w.l(dsqrt.o)
    0x08017c6c   0x00000030   Code   RO         1324    .text               mf_w.l(dfixul.o)
    0x08017c9c   0x00000024   Code   RO         1326    .text               mc_w.l(init.o)
    0x08017cc0   0x00000056   Code   RO         1336    .text               mc_w.l(__dczerorl2.o)
    0x08017d16   0x00000002   PAD
    0x08017d18   0x00000020   Code   RO         1193    i.__0printf         mc_w.l(printfa.o)
    0x08017d38   0x00000030   Code   RO         1194    i.__0snprintf       mc_w.l(printfa.o)
    0x08017d68   0x00000030   Code   RO         1268    i.__ARM_fpclassify  m_wm.l(fpclassify.o)
    0x08017d98   0x00000358   Code   RO          847    i.__hardfp_acos     m_wm.l(acos.o)
    0x080180f0   0x00000360   Code   RO          861    i.__hardfp_asin     m_wm.l(asin.o)
    0x08018450   0x000002d8   Code   RO          875    i.__hardfp_atan     m_wm.l(atan.o)
    0x08018728   0x000001f0   Code   RO          889    i.__hardfp_atan2    m_wm.l(atan2.o)
    0x08018918   0x000000c8   Code   RO          901    i.__hardfp_cos      m_wm.l(cos.o)
    0x080189e0   0x00000c50   Code   RO          913    i.__hardfp_pow      m_wm.l(pow.o)
    0x08019630   0x000000c8   Code   RO          927    i.__hardfp_sin      m_wm.l(sin.o)
    0x080196f8   0x0000007a   Code   RO          939    i.__hardfp_sqrt     m_wm.l(sqrt.o)
    0x08019772   0x00000006   PAD
    0x08019778   0x00000438   Code   RO         1273    i.__ieee754_rem_pio2  m_wm.l(rred.o)
    0x08019bb0   0x00000170   Code   RO         1245    i.__kernel_cos      m_wm.l(cos_i.o)
    0x08019d20   0x000000f8   Code   RO         1270    i.__kernel_poly     m_wm.l(poly.o)
    0x08019e18   0x00000130   Code   RO         1278    i.__kernel_sin      m_wm.l(sin_i.o)
    0x08019f48   0x00000030   Code   RO         1248    i.__mathlib_dbl_divzero  m_wm.l(dunder.o)
    0x08019f78   0x00000014   Code   RO         1249    i.__mathlib_dbl_infnan  m_wm.l(dunder.o)
    0x08019f8c   0x00000014   Code   RO         1250    i.__mathlib_dbl_infnan2  m_wm.l(dunder.o)
    0x08019fa0   0x00000020   Code   RO         1251    i.__mathlib_dbl_invalid  m_wm.l(dunder.o)
    0x08019fc0   0x00000020   Code   RO         1252    i.__mathlib_dbl_overflow  m_wm.l(dunder.o)
    0x08019fe0   0x00000020   Code   RO         1254    i.__mathlib_dbl_underflow  m_wm.l(dunder.o)
    0x0801a000   0x0000000e   Code   RO         1330    i.__scatterload_copy  mc_w.l(handlers.o)
    0x0801a00e   0x00000002   Code   RO         1331    i.__scatterload_null  mc_w.l(handlers.o)
    0x0801a010   0x0000000e   Code   RO         1332    i.__scatterload_zeroinit  mc_w.l(handlers.o)
    0x0801a01e   0x00000002   PAD
    0x0801a020   0x0000000c   Code   RO         1310    i.__set_errno       mc_w.l(errno.o)
    0x0801a02c   0x00000184   Code   RO         1200    i._fp_digits        mc_w.l(printfa.o)
    0x0801a1b0   0x000006dc   Code   RO         1201    i._printf_core      mc_w.l(printfa.o)
    0x0801a88c   0x00000024   Code   RO         1202    i._printf_post_padding  mc_w.l(printfa.o)
    0x0801a8b0   0x0000002e   Code   RO         1203    i._printf_pre_padding  mc_w.l(printfa.o)
    0x0801a8de   0x00000016   Code   RO         1204    i._snputc           mc_w.l(printfa.o)
    0x0801a8f4   0x00000010   Code   RO          877    i.atan              m_wm.l(atan.o)
    0x0801a904   0x00000018   Code   RO         1264    i.fabs              m_wm.l(fabs.o)
    0x0801a91c   0x0000006e   Code   RO          941    i.sqrt              m_wm.l(sqrt.o)
    0x0801a98a   0x00000818   Data   RO          283    .constdata          oled.o
    0x0801b1a2   0x00000002   PAD
    0x0801b1a4   0x00000050   Data   RO          359    .constdata          inv_mpu.o
    0x0801b1f4   0x00000bf6   Data   RO          408    .constdata          inv_mpu_dmp_motion_driver.o
    0x0801bdea   0x00000006   PAD
    0x0801bdf0   0x00000050   Data   RO          850    .constdata          m_wm.l(acos.o)
    0x0801be40   0x00000050   Data   RO          864    .constdata          m_wm.l(asin.o)
    0x0801be90   0x00000098   Data   RO          878    .constdata          m_wm.l(atan.o)
    0x0801bf28   0x00000088   Data   RO          916    .constdata          m_wm.l(pow.o)
    0x0801bfb0   0x00000030   Data   RO         1246    .constdata          m_wm.l(cos_i.o)
    0x0801bfe0   0x00000008   Data   RO         1272    .constdata          m_wm.l(qnan.o)
    0x0801bfe8   0x000000c8   Data   RO         1275    .constdata          m_wm.l(rred.o)
    0x0801c0b0   0x00000028   Data   RO         1279    .constdata          m_wm.l(sin_i.o)
    0x0801c0d8   0x0000004d   Data   RO          360    .conststring        inv_mpu.o
    0x0801c125   0x00000003   PAD
    0x0801c128   0x00000086   Data   RO          592    .conststring        speech.o
    0x0801c1ae   0x00000002   PAD
    0x0801c1b0   0x00000020   Data   RO         1328    Region$$Table       anon$$obj.o


    Execution Region RW_IRAM1 (Base: 0x20000000, Size: 0x00000aa8, Max: 0x00020000, ABSOLUTE, COMPRESSED[0x00000054])

    Base Addr    Size         Type   Attr      Idx    E Section Name        Object

    0x20000000   0x0000000f   Data   RW            4    .data               main.o
    0x2000000f   0x00000001   PAD
    0x20000010   0x00000014   Data   RW          219    .data               system_stm32f4xx.o
    0x20000024   0x00000004   Data   RW          246    .data               servo.o
    0x20000028   0x00000001   Data   RW          310    .data               bluetooth.o
    0x20000029   0x00000003   PAD
    0x2000002c   0x00000035   Data   RW          361    .data               inv_mpu.o
    0x20000061   0x00000003   PAD
    0x20000064   0x0000000c   Data   RW          436    .data               mpu6050.o
    0x20000070   0x00000008   Data   RW          509    .data               usart.o
    0x20000078   0x0000000c   Data   RW          540    .data               adc.o
    0x20000084   0x00000004   PAD
    0x20000088   0x00000108   Data   RW          566    .data               robotcontrol.o
    0x20000190   0x00000001   Data   RW          593    .data               speech.o
    0x20000191   0x00000010   Data   RW          679    .data               stm32f4xx_rcc.o
    0x200001a1   0x00000001   PAD
    0x200001a2   0x00000004   Data   RW          825    .data               common.o
    0x200001a6   0x00000002   PAD
    0x200001a8   0x00000004   Data   RW         1311    .data               mc_w.l(errno.o)
    0x200001ac   0x00000198   Zero   RW          245    .bss                servo.o
    0x20000344   0x00000014   Zero   RW          282    .bss                oled.o
    0x20000358   0x0000000a   Zero   RW          309    .bss                bluetooth.o
    0x20000362   0x00000002   PAD
    0x20000364   0x00000010   Zero   RW          407    .bss                inv_mpu_dmp_motion_driver.o
    0x20000374   0x000000c8   Zero   RW          508    .bss                usart.o
    0x2000043c   0x00000014   Zero   RW          539    .bss                adc.o
    0x20000450   0x00000258   Zero   RW          565    .bss                robotcontrol.o
    0x200006a8   0x00000400   Zero   RW          209    STACK               startup_stm32f40_41xxx.o


==============================================================================

Image component sizes


      Code (inc. data)   RO Data    RW Data    ZI Data      Debug   Object Name

       536         68          0         12         20       1994   adc.o
       600         12          0          0          0       1976   analogiic.o
       228          6          0          0          0       1073   beep.o
       592         28          0          1         10       2440   bluetooth.o
       796         40          0          4          0       2806   common.o
      8896        222        157         53          0      24745   inv_mpu.o
      3472        142       3062          0         16      15711   inv_mpu_dmp_motion_driver.o
       536         60          0         15          0     320458   main.o
       224         20          0          0          0       1985   misc.o
       960         22          0         12          0       5368   mpu6050.o
      2108         42       2072          0         20       6316   oled.o
       344          4          0          0          0       1636   rgbled.o
     62824       3230          0        264        600      16101   robotcontrol.o
      1416        138          0          4        408       5629   servo.o
       572        196        134          1          0       2807   speech.o
        36          8        392          0       1024        884   startup_stm32f40_41xxx.o
      1124         24          0          0          0      10854   stm32f4xx_adc.o
       936         32          0          0          0       6557   stm32f4xx_dma.o
       660         44          0          0          0       4325   stm32f4xx_gpio.o
        26          0          0          0          0       1302   stm32f4xx_it.o
      1628         52          0         16          0      13272   stm32f4xx_rcc.o
      1152         36          0          0          0       7073   stm32f4xx_spi.o
      3234         60          0          0          0      23180   stm32f4xx_tim.o
      1108         34          0          0          0       8048   stm32f4xx_usart.o
       528         46          0         20          0       2079   system_stm32f4xx.o
       384         16          0          8        200       3740   usart.o

    ----------------------------------------------------------------------
     94924       4582       5862        424       2300     492359   Object Totals
         0          0         32          0          0          0   (incl. Generated)
         4          0         13         14          2          0   (incl. Padding)

    ----------------------------------------------------------------------

      Code (inc. data)   RO Data    RW Data    ZI Data      Debug   Library Member Name

       856        118         80          0          0        288   acos.o
       864         94         80          0          0        280   asin.o
       744        106        152          0          0        352   atan.o
       496         64          0          0          0        192   atan2.o
       200         20          0          0          0        164   cos.o
       368         46         48          0          0        200   cos_i.o
       184         44          0          0          0        744   dunder.o
        24          0          0          0          0        124   fabs.o
        48          0          0          0          0        124   fpclassify.o
       248          0          0          0          0        152   poly.o
      3152        296        136          0          0        352   pow.o
         0          0          8          0          0          0   qnan.o
      1080        142        200          0          0        188   rred.o
       200         20          0          0          0        164   sin.o
       304         24         40          0          0        208   sin_i.o
       232          0          0          0          0        296   sqrt.o
        86          0          0          0          0          0   __dczerorl2.o
         0          0          0          0          0          0   entry.o
         0          0          0          0          0          0   entry10a.o
         0          0          0          0          0          0   entry11a.o
         8          4          0          0          0          0   entry2.o
         4          0          0          0          0          0   entry5.o
         0          0          0          0          0          0   entry7b.o
         0          0          0          0          0          0   entry8b.o
         8          4          0          0          0          0   entry9a.o
        12          6          0          4          0         68   errno.o
        30          0          0          0          0          0   handlers.o
        36          8          0          0          0         68   init.o
         0          0          0          0          0          0   iusefp.o
        98          0          0          0          0         84   ldiv.o
        30          0          0          0          0         68   llshl.o
        36          0          0          0          0         68   llsshr.o
        32          0          0          0          0         68   llushr.o
        26          0          0          0          0         80   memcmp.o
        36          0          0          0          0        108   memseta.o
      2328         94          0          0          0        604   printfa.o
        44          0          0          0          0         80   uidiv.o
        98          0          0          0          0         92   uldiv.o
        48          0          0          0          0         68   cdcmple.o
        48          0          0          0          0         68   cdrcmple.o
        56          0          0          0          0         88   d2f.o
       334          0          0          0          0        148   dadd.o
       222          0          0          0          0        100   ddiv.o
       186          0          0          0          0        176   depilogue.o
        62          0          0          0          0         80   dfixi.o
        50          0          0          0          0         76   dfixui.o
        48          0          0          0          0         68   dfixul.o
        34          0          0          0          0         76   dflti.o
        26          0          0          0          0         76   dfltui.o
       228          0          0          0          0         96   dmul.o
        46          0          0          0          0         80   dscalb.o
       162          0          0          0          0        100   dsqrt.o
        38          0          0          0          0         68   f2d.o
       110          0          0          0          0        168   fepilogue.o

    ----------------------------------------------------------------------
     13622       1090        744          4          0       6752   Library Totals
        12          0          0          0          0          0   (incl. Padding)

    ----------------------------------------------------------------------

      Code (inc. data)   RO Data    RW Data    ZI Data      Debug   Library Name

      9000        974        744          0          0       3828   m_wm.l
      2912        116          0          4          0       1388   mc_w.l
      1698          0          0          0          0       1536   mf_w.l

    ----------------------------------------------------------------------
     13622       1090        744          4          0       6752   Library Totals

    ----------------------------------------------------------------------

==============================================================================


      Code (inc. data)   RO Data    RW Data    ZI Data      Debug   

    108546       5672       6606        428       2300     490635   Grand Totals
    108546       5672       6606         84       2300     490635   ELF Image Totals (compressed)
    108546       5672       6606         84          0          0   ROM Totals

==============================================================================

    Total RO  Size (Code + RO Data)               115152 ( 112.45kB)
    Total RW  Size (RW Data + ZI Data)              2728 (   2.66kB)
    Total ROM Size (Code + RO Data + RW Data)     115236 ( 112.54kB)

==============================================================================

